 secp256k1

 Timestamp is 5dc3e8ce (Thu Nov  7 18:50:06 2019)

 Preferred load address is 0000000180000000

 Start         Length     Name                   Class
 0001:00000000 00000010H .text$di                CODE
 0001:00000010 00029940H .text$mn                CODE
 0001:00029950 00000020H .text$mn$00             CODE
 0001:00029970 00000250H .text$x                 CODE
 0002:00000000 00000258H .idata$5                DATA
 0002:00000258 00000010H .00cfg                  DATA
 0002:00000268 00000008H .CRT$XCA                DATA
 0002:00000270 00000010H .CRT$XCU                DATA
 0002:00000280 00000008H .CRT$XCZ                DATA
 0002:00000288 00000008H .CRT$XIA                DATA
 0002:00000290 00000018H .CRT$XIC                DATA
 0002:000002a8 00000008H .CRT$XIZ                DATA
 0002:000002b0 00000008H .CRT$XPA                DATA
 0002:000002b8 00000010H .CRT$XPX                DATA
 0002:000002c8 00000008H .CRT$XPXA               DATA
 0002:000002d0 00000008H .CRT$XPZ                DATA
 0002:000002d8 00000008H .CRT$XTA                DATA
 0002:000002e0 00000010H .CRT$XTZ                DATA
 0002:000002e8 00000000H .gfids$y                DATA
 0002:000002f0 00009290H .rdata                  DATA
 0002:00009580 000001f4H .rdata$r                DATA
 0002:00009774 000003e4H .rdata$zzzdbg           DATA
 0002:00009b58 00000008H .rtc$IAA                DATA
 0002:00009b60 00000008H .rtc$IZZ                DATA
 0002:00009b68 00000008H .rtc$TAA                DATA
 0002:00009b70 00000008H .rtc$TZZ                DATA
 0002:00009b78 00001cf8H .xdata                  DATA
 0002:0000b870 000000ecH .xdata$x                DATA
 0002:0000b95c 00000020H .didat$2                DATA
 0002:0000b97c 00000024H .didat$3                DATA
 0002:0000b9a0 000001a0H .didat$4                DATA
 0002:0000bb40 00000c98H .didat$6                DATA
 0002:0000c7d8 000001a8H .didat$7                DATA
 0002:0000c980 00000058H .edata                  DATA
 0002:0000c9d8 00000014H .idata$2                DATA
 0002:0000c9ec 00000014H .idata$3                DATA
 0002:0000ca00 00000258H .idata$4                DATA
 0002:0000cc58 00000574H .idata$6                DATA
 0003:00000000 00000a90H .data                   DATA
 0003:00000a90 000000a0H .data$r                 DATA
 0003:00000b30 000001a0H .didat$5                DATA
 0003:00000cd0 00001238H .bss                    DATA
 0004:00000000 00001b00H .pdata                  DATA
 0005:00000000 00000060H .rsrc$01                DATA
 0005:00000060 00000180H .rsrc$02                DATA

  Address         Publics by Value              Rva+Base               Lib:Object

 0000:00000000       __guard_fids_count         0000000000000000     <absolute>
 0000:00000000       __guard_longjmp_count      0000000000000000     <absolute>
 0000:00000000       __hybrid_code_map          0000000000000000     <absolute>
 0000:00000000       __guard_iat_count          0000000000000000     <absolute>
 0000:00000000       __guard_longjmp_table      0000000000000000     <absolute>
 0000:00000000       __volatile_metadata        0000000000000000     <absolute>
 0000:00000000       __guard_iat_table          0000000000000000     <absolute>
 0000:00000000       __hybrid_code_map_count    0000000000000000     <absolute>
 0000:00000000       __enclave_config           0000000000000000     <absolute>
 0000:00000000       ___safe_se_handler_count   0000000000000000     <absolute>
 0000:00000000       ___safe_se_handler_table   0000000000000000     <absolute>
 0000:00000000       __guard_fids_table         0000000000000000     <absolute>
 0000:00000000       __hybrid_auxiliary_iat     0000000000000000     <absolute>
 0000:00000000       __dynamic_value_reloc_table 0000000000000000     <absolute>
 0000:00000100       __guard_flags              0000000000000100     <absolute>
 0000:00000000       __ImageBase                0000000180000000     <linker-defined>
 0001:000000f0       ?Export@Nan@@YAXV?$Local@VObject@v8@@@v8@@PEBDP6AXAEBV?$FunctionCallbackInfo@VValue@v8@@@1@@Z@Z 00000001800010f0 f i addon.obj
 0001:00000360       ?Init@@YAXV?$Local@VObject@v8@@@v8@@@Z 0000000180001360 f   addon.obj
 0001:000006a0       ?ThrowError@Nan@@YAXPEBD@Z 00000001800016a0 f i privatekey.obj
 0001:00000730       ?ThrowRangeError@Nan@@YAXPEBD@Z 0000000180001730 f i privatekey.obj
 0001:000007c0       ?ThrowTypeError@Nan@@YAXPEBD@Z 00000001800017c0 f i privatekey.obj
 0001:00003540       ?privateKeyVerify@@YAXAEBV?$FunctionCallbackInfo@VValue@v8@@@Nan@@@Z 0000000180004540 f   privatekey.obj
 0001:00003650       ?privateKeyExport@@YAXAEBV?$FunctionCallbackInfo@VValue@v8@@@Nan@@@Z 0000000180004650 f   privatekey.obj
 0001:000038d0       ?privateKeyImport@@YAXAEBV?$FunctionCallbackInfo@VValue@v8@@@Nan@@@Z 00000001800048d0 f   privatekey.obj
 0001:00003b10       ?privateKeyNegate@@YAXAEBV?$FunctionCallbackInfo@VValue@v8@@@Nan@@@Z 0000000180004b10 f   privatekey.obj
 0001:00003c60       ?privateKeyModInverse@@YAXAEBV?$FunctionCallbackInfo@VValue@v8@@@Nan@@@Z 0000000180004c60 f   privatekey.obj
 0001:00003ed0       ?privateKeyTweakAdd@@YAXAEBV?$FunctionCallbackInfo@VValue@v8@@@Nan@@@Z 0000000180004ed0 f   privatekey.obj
 0001:00004120       ?privateKeyTweakMul@@YAXAEBV?$FunctionCallbackInfo@VValue@v8@@@Nan@@@Z 0000000180005120 f   privatekey.obj
 0001:00004370       ?publicKeyCreate@@YAXAEBV?$FunctionCallbackInfo@VValue@v8@@@Nan@@@Z 0000000180005370 f   publickey.obj
 0001:00004630       ?publicKeyConvert@@YAXAEBV?$FunctionCallbackInfo@VValue@v8@@@Nan@@@Z 0000000180005630 f   publickey.obj
 0001:00004950       ?publicKeyVerify@@YAXAEBV?$FunctionCallbackInfo@VValue@v8@@@Nan@@@Z 0000000180005950 f   publickey.obj
 0001:00004a90       ?publicKeyTweakAdd@@YAXAEBV?$FunctionCallbackInfo@VValue@v8@@@Nan@@@Z 0000000180005a90 f   publickey.obj
 0001:00005000       ?publicKeyTweakMul@@YAXAEBV?$FunctionCallbackInfo@VValue@v8@@@Nan@@@Z 0000000180006000 f   publickey.obj
 0001:00005370       ?publicKeyCombine@@YAXAEBV?$FunctionCallbackInfo@VValue@v8@@@Nan@@@Z 0000000180006370 f   publickey.obj
 0001:000057b0       ?signatureNormalize@@YAXAEBV?$FunctionCallbackInfo@VValue@v8@@@Nan@@@Z 00000001800067b0 f   signature.obj
 0001:00005950       ?signatureExport@@YAXAEBV?$FunctionCallbackInfo@VValue@v8@@@Nan@@@Z 0000000180006950 f   signature.obj
 0001:00005ae0       ?signatureImport@@YAXAEBV?$FunctionCallbackInfo@VValue@v8@@@Nan@@@Z 0000000180006ae0 f   signature.obj
 0001:00005c90       ?signatureImportLax@@YAXAEBV?$FunctionCallbackInfo@VValue@v8@@@Nan@@@Z 0000000180006c90 f   signature.obj
 0001:00005e40       ?nonce_function_custom@@YAHPEAEPEBE11PEAXI@Z 0000000180006e40 f   ecdsa.obj
 0001:00006080       ?sign@@YAXAEBV?$FunctionCallbackInfo@VValue@v8@@@Nan@@@Z 0000000180007080 f   ecdsa.obj
 0001:00006560       ?verify@@YAXAEBV?$FunctionCallbackInfo@VValue@v8@@@Nan@@@Z 0000000180007560 f   ecdsa.obj
 0001:000068b0       ?recover@@YAXAEBV?$FunctionCallbackInfo@VValue@v8@@@Nan@@@Z 00000001800078b0 f   ecdsa.obj
 0001:00006e70       ?ecdh@@YAXAEBV?$FunctionCallbackInfo@VValue@v8@@@Nan@@@Z 0000000180007e70 f   ecdh.obj
 0001:00007080       ?ecdh_hash_function_unsafe@@YAHPEAEPEBE1PEAX@Z 0000000180008080 f   ecdh.obj
 0001:000070b0       ?ecdhUnsafe@@YAXAEBV?$FunctionCallbackInfo@VValue@v8@@@Nan@@@Z 00000001800080b0 f   ecdh.obj
 0001:00007480       __local_stdio_printf_options 0000000180008480 f i secp256k1.obj
 0001:00007490       fprintf                    0000000180008490 f i secp256k1.obj
 0001:000133f0       secp256k1_ec_pubkey_parse  00000001800143f0 f   secp256k1.obj
 0001:000134e0       secp256k1_ec_pubkey_serialize 00000001800144e0 f   secp256k1.obj
 0001:00013690       secp256k1_ecdsa_signature_parse_der 0000000180014690 f   secp256k1.obj
 0001:00013840       secp256k1_ecdsa_signature_parse_compact 0000000180014840 f   secp256k1.obj
 0001:00013960       secp256k1_ecdsa_signature_serialize_der 0000000180014960 f   secp256k1.obj
 0001:00013c40       secp256k1_ec_seckey_verify 0000000180014c40 f   secp256k1.obj
 0001:00013cb0       secp256k1_ec_pubkey_create 0000000180014cb0 f   secp256k1.obj
 0001:00013e40       secp256k1_ec_pubkey_tweak_mul 0000000180014e40 f   secp256k1.obj
 0001:000140a0       secp256k1_ec_pubkey_combine 00000001800150a0 f   secp256k1.obj
 0001:00014480       secp256k1_ecdh             0000000180015480 f   secp256k1.obj
 0001:00014910       secp256k1_ecdsa_sign_recoverable 0000000180015910 f   secp256k1.obj
 0001:00014b80       ecdsa_signature_parse_der_lax 0000000180015b80 f   lax_der_parsing.obj
 0001:00014ec0       ec_privkey_export_der      0000000180015ec0 f   lax_der_privatekey_parsing.obj
 0001:00015214       __imp_load_?Value@External@v8@@QEBAPEAXXZ 0000000180016214 f   node:node.exe
 0001:00015220       __tailMerge_node_exe       0000000180016220     node:node.exe
 0001:00015299       __imp_load_?New@External@v8@@SA?AV?$Local@VExternal@v8@@@2@PEAVIsolate@2@PEAX@Z 0000000180016299 f   node:node.exe
 0001:000152a5       __imp_load_?GetCurrentContext@Isolate@v8@@QEAA?AV?$Local@VContext@v8@@@2@XZ 00000001800162a5 f   node:node.exe
 0001:000152b1       __imp_load_?GetCurrent@Isolate@v8@@SAPEAV12@XZ 00000001800162b1 f   node:node.exe
 0001:000152bd       __imp_load_?CreateHandle@HandleScope@v8@@CAPEAPEAVObject@internal@2@PEAVHeapObject@42@PEAV342@@Z 00000001800162bd f   node:node.exe
 0001:000152c9       __imp_load_??1HandleScope@v8@@QEAA@XZ 00000001800162c9 f   node:node.exe
 0001:000152d5       __imp_load_??0HandleScope@v8@@QEAA@PEAVIsolate@1@@Z 00000001800162d5 f   node:node.exe
 0001:000152e1       __imp_load_?GetFunction@FunctionTemplate@v8@@QEAA?AV?$MaybeLocal@VFunction@v8@@@2@V?$Local@VContext@v8@@@2@@Z 00000001800162e1 f   node:node.exe
 0001:000152ed       __imp_load_?New@FunctionTemplate@v8@@SA?AV?$Local@VFunctionTemplate@v8@@@2@PEAVIsolate@2@P6AXAEBV?$FunctionCallbackInfo@VValue@v8@@@2@@ZV?$Local@VValue@v8@@@2@V?$Local@VSignature@v8@@@2@HW4ConstructorBehavior@2@W4SideEffectType@2@@Z 00000001800162ed f   node:node.exe
 0001:000152f9       __imp_load_?ToLocalEmpty@V8@v8@@CAXXZ 00000001800162f9 f   node:node.exe
 0001:00015305       __imp_load_?Escape@EscapableHandleScope@v8@@AEAAPEAPEAVObject@internal@2@PEAPEAV342@@Z 0000000180016305 f   node:node.exe
 0001:00015311       __imp_load_??0EscapableHandleScope@v8@@QEAA@PEAVIsolate@1@@Z 0000000180016311 f   node:node.exe
 0001:0001531d       __imp_load_?NewFromUtf8@String@v8@@SA?AV?$MaybeLocal@VString@v8@@@2@PEAVIsolate@2@PEBDW4NewStringType@2@H@Z 000000018001631d f   node:node.exe
 0001:00015329       __imp_load_?SlowGetInternalField@Object@v8@@AEAA?AV?$Local@VValue@v8@@@2@H@Z 0000000180016329 f   node:node.exe
 0001:00015335       __imp_load_?SetInternalField@Object@v8@@QEAAXHV?$Local@VValue@v8@@@2@@Z 0000000180016335 f   node:node.exe
 0001:00015341       __imp_load_?Set@Object@v8@@QEAA?AV?$Maybe@_N@2@V?$Local@VContext@v8@@@2@V?$Local@VValue@v8@@@2@1@Z 0000000180016341 f   node:node.exe
 0001:0001534d       __imp_load_?SetInternalFieldCount@ObjectTemplate@v8@@QEAAXH@Z 000000018001634d f   node:node.exe
 0001:00015359       __imp_load_?NewInstance@ObjectTemplate@v8@@QEAA?AV?$MaybeLocal@VObject@v8@@@2@V?$Local@VContext@v8@@@2@@Z 0000000180016359 f   node:node.exe
 0001:00015365       __imp_load_?New@ObjectTemplate@v8@@SA?AV?$Local@VObjectTemplate@v8@@@2@PEAVIsolate@2@V?$Local@VFunctionTemplate@v8@@@2@@Z 0000000180016365 f   node:node.exe
 0001:00015371       __imp_load_node_module_register 0000000180016371 f   node:node.exe
 0001:0001537d       __imp_load_?ThrowException@Isolate@v8@@QEAA?AV?$Local@VValue@v8@@@2@V32@@Z 000000018001637d f   node:node.exe
 0001:00015389       __imp_load_?Error@Exception@v8@@SA?AV?$Local@VValue@v8@@@2@V?$Local@VString@v8@@@2@@Z 0000000180016389 f   node:node.exe
 0001:00015395       __imp_load_?TypeError@Exception@v8@@SA?AV?$Local@VValue@v8@@@2@V?$Local@VString@v8@@@2@@Z 0000000180016395 f   node:node.exe
 0001:000153a1       __imp_load_?RangeError@Exception@v8@@SA?AV?$Local@VValue@v8@@@2@V?$Local@VString@v8@@@2@@Z 00000001800163a1 f   node:node.exe
 0001:000153ad       __imp_load_?FromJustIsNothing@V8@v8@@CAXXZ 00000001800163ad f   node:node.exe
 0001:000153b9       __imp_load_?BooleanValue@Value@v8@@QEBA?AV?$Maybe@_N@2@V?$Local@VContext@v8@@@2@@Z 00000001800163b9 f   node:node.exe
 0001:000153c5       __imp_load_?IsBooleanObject@Value@v8@@QEBA_NXZ 00000001800163c5 f   node:node.exe
 0001:000153d1       __imp_load_?IsBoolean@Value@v8@@QEBA_NXZ 00000001800163d1 f   node:node.exe
 0001:000153dd       __imp_load_?HasInstance@Buffer@node@@YA_NV?$Local@VObject@v8@@@v8@@@Z 00000001800163dd f   node:node.exe
 0001:000153e9       __imp_load_?Data@Buffer@node@@YAPEADV?$Local@VObject@v8@@@v8@@@Z 00000001800163e9 f   node:node.exe
 0001:000153f5       __imp_load_?Copy@Buffer@node@@YA?AV?$MaybeLocal@VObject@v8@@@v8@@PEAVIsolate@4@PEBD_K@Z 00000001800163f5 f   node:node.exe
 0001:00015401       __imp_load_?Length@Buffer@node@@YA_KV?$Local@VObject@v8@@@v8@@@Z 0000000180016401 f   node:node.exe
 0001:0001540d       __imp_load_?Length@Array@v8@@QEBAIXZ 000000018001640d f   node:node.exe
 0001:00015419       __imp_load_?IsArray@Value@v8@@QEBA_NXZ 0000000180016419 f   node:node.exe
 0001:00015425       __imp_load_?Get@Object@v8@@QEAA?AV?$Local@VValue@v8@@@2@I@Z 0000000180016425 f   node:node.exe
 0001:00015431       __imp_load_?Global@Context@v8@@QEAA?AV?$Local@VObject@v8@@@2@XZ 0000000180016431 f   node:node.exe
 0001:0001543d       __imp_load_?NewFromUnsigned@Integer@v8@@SA?AV?$Local@VInteger@v8@@@2@PEAVIsolate@2@I@Z 000000018001643d f   node:node.exe
 0001:00015449       __imp_load_?IntegerValue@Value@v8@@QEBA?AV?$Maybe@_J@2@V?$Local@VContext@v8@@@2@@Z 0000000180016449 f   node:node.exe
 0001:00015455       __imp_load_?ToUint32@Value@v8@@QEBA?AV?$MaybeLocal@VUint32@v8@@@2@V?$Local@VContext@v8@@@2@@Z 0000000180016455 f   node:node.exe
 0001:00015461       __imp_load_?IsNumberObject@Value@v8@@QEBA_NXZ 0000000180016461 f   node:node.exe
 0001:0001546d       __imp_load_?IsNumber@Value@v8@@QEBA_NXZ 000000018001646d f   node:node.exe
 0001:00015479       __imp_load_?IsObject@Value@v8@@QEBA_NXZ 0000000180016479 f   node:node.exe
 0001:00015485       __imp_load_?IsFunction@Value@v8@@QEBA_NXZ 0000000180016485 f   node:node.exe
 0001:00015491       __imp_load_?New@Number@v8@@SA?AV?$Local@VNumber@v8@@@2@PEAVIsolate@2@N@Z 0000000180016491 f   node:node.exe
 0001:0001549d       __imp_load_?New@Object@v8@@SA?AV?$Local@VObject@v8@@@2@PEAVIsolate@2@@Z 000000018001649d f   node:node.exe
 0001:000154a9       __imp_load_?Get@Object@v8@@QEAA?AV?$Local@VValue@v8@@@2@V32@@Z 00000001800164a9 f   node:node.exe
 0001:000154b5       __imp_load_?Set@Object@v8@@QEAA_NV?$Local@VValue@v8@@@2@0@Z 00000001800164b5 f   node:node.exe
 0001:000154c1       __imp_load_?Call@Function@v8@@QEAA?AV?$Local@VValue@v8@@@2@V32@HQEAV32@@Z 00000001800164c1 f   node:node.exe
 0001:000154cd       __imp_load_?HasInstance@Buffer@node@@YA_NV?$Local@VValue@v8@@@v8@@@Z 00000001800164cd f   node:node.exe
 0001:000154d9       __imp_load_?Data@Buffer@node@@YAPEADV?$Local@VValue@v8@@@v8@@@Z 00000001800164d9 f   node:node.exe
 0001:000154e5       __imp_load_?Length@Buffer@node@@YA_KV?$Local@VValue@v8@@@v8@@@Z 00000001800164e5 f   node:node.exe
 0001:00015510       __security_check_cookie    0000000180016510 f   LIBCMT:amdsecgs.obj
 0001:00015534       ??_V@YAXPEAX@Z             0000000180016534 f   LIBCMT:delete_array.obj
 0001:00015534       ??3@YAXPEAX_K@Z            0000000180016534 f   LIBCMT:delete_scalar_size.obj
 0001:0001553c       ??_U@YAPEAX_K@Z            000000018001653c f   LIBCMT:new_array.obj
 0001:00015874       _DllMainCRTStartup         0000000180016874 f   LIBCMT:dll_dllmain.obj
 0001:000158b4       __raise_securityfailure    00000001800168b4 f   LIBCMT:gs_report.obj
 0001:000158e8       __report_gsfailure         00000001800168e8 f   LIBCMT:gs_report.obj
 0001:000159bc       __report_rangecheckfailure 00000001800169bc f   LIBCMT:gs_report.obj
 0001:000159d0       __report_securityfailure   00000001800169d0 f   LIBCMT:gs_report.obj
 0001:00015b50       ??3@YAXPEAX@Z              0000000180016b50 f   LIBCMT:delete_scalar.obj
 0001:00015b58       ??2@YAPEAX_K@Z             0000000180016b58 f   LIBCMT:new_scalar.obj
 0001:00015b94       __security_init_cookie     0000000180016b94 f   LIBCMT:gs_support.obj
 0001:00015c40       _get_startup_argv_mode     0000000180016c40 f   LIBCMT:argv_mode.obj
 0001:00015c40       DllMain                    0000000180016c40 f   LIBCMT:dll_dllmain_stub.obj
 0001:00015c48       ?__scrt_initialize_type_info@@YAXXZ 0000000180016c48 f   LIBCMT:tncleanup.obj
 0001:00015c58       ?__scrt_uninitialize_type_info@@YAXXZ 0000000180016c58 f   LIBCMT:tncleanup.obj
 0001:00015c64       __local_stdio_scanf_options 0000000180016c64 f i LIBCMT:default_local_stdio_options.obj
 0001:00015c6c       __scrt_initialize_default_local_stdio_options 0000000180016c6c f   LIBCMT:default_local_stdio_options.obj
 0001:00015c88       __scrt_acquire_startup_lock 0000000180016c88 f   LIBCMT:utility.obj
 0001:00015cc4       __scrt_dllmain_after_initialize_c 0000000180016cc4 f   LIBCMT:utility.obj
 0001:00015cf8       __scrt_dllmain_before_initialize_c 0000000180016cf8 f   LIBCMT:utility.obj
 0001:00015d10       __scrt_dllmain_crt_thread_attach 0000000180016d10 f   LIBCMT:utility.obj
 0001:00015d38       __scrt_dllmain_crt_thread_detach 0000000180016d38 f   LIBCMT:utility.obj
 0001:00015d50       __scrt_dllmain_exception_filter 0000000180016d50 f   LIBCMT:utility.obj
 0001:00015db0       __scrt_dllmain_uninitialize_c 0000000180016db0 f   LIBCMT:utility.obj
 0001:00015de0       __scrt_dllmain_uninitialize_critical 0000000180016de0 f   LIBCMT:utility.obj
 0001:00015df4       __scrt_initialize_crt      0000000180016df4 f   LIBCMT:utility.obj
 0001:00015e40       __scrt_initialize_onexit_tables 0000000180016e40 f   LIBCMT:utility.obj
 0001:00015f18       __scrt_is_nonwritable_in_current_image 0000000180016f18 f   LIBCMT:utility.obj
 0001:00015fb4       __scrt_release_startup_lock 0000000180016fb4 f   LIBCMT:utility.obj
 0001:00015fd8       __scrt_uninitialize_crt    0000000180016fd8 f   LIBCMT:utility.obj
 0001:00016004       __scrt_get_dyn_tls_init_callback 0000000180017004 f   LIBCMT:dyn_tls_init.obj
 0001:0001600c       __crt_debugger_hook        000000018001700c f   LIBCMT:utility_desktop.obj
 0001:00016014       __scrt_fastfail            0000000180017014 f   LIBCMT:utility_desktop.obj
 0001:00016160       _RTC_Initialize            0000000180017160 f   LIBCMT:initsect.obj
 0001:0001619c       _RTC_Terminate             000000018001719c f   LIBCMT:initsect.obj
 0001:000161d8       _guard_check_icall_nop     00000001800171d8 f i LIBCMT:guard_support.obj
 0001:000161dc       ??0bad_alloc@std@@QEAA@AEBV01@@Z 00000001800171dc f i LIBCMT:throw_bad_alloc.obj
 0001:0001621c       ??0bad_alloc@std@@QEAA@XZ  000000018001721c f i LIBCMT:throw_bad_alloc.obj
 0001:0001623c       ??0bad_array_new_length@std@@QEAA@AEBV01@@Z 000000018001723c f i LIBCMT:throw_bad_alloc.obj
 0001:0001627c       ??0bad_array_new_length@std@@QEAA@XZ 000000018001727c f i LIBCMT:throw_bad_alloc.obj
 0001:0001629c       ??0exception@std@@QEAA@AEBV01@@Z 000000018001729c f i LIBCMT:throw_bad_alloc.obj
 0001:000162d4       ??1bad_array_new_length@std@@UEAA@XZ 00000001800172d4 f i LIBCMT:throw_bad_alloc.obj
 0001:000162d4       ??1bad_alloc@std@@UEAA@XZ  00000001800172d4 f i LIBCMT:throw_bad_alloc.obj
 0001:000162e8       ??_Ebad_array_new_length@std@@UEAAPEAXI@Z 00000001800172e8 f i LIBCMT:throw_bad_alloc.obj
 0001:000162e8       ??_Gexception@std@@UEAAPEAXI@Z 00000001800172e8 f i LIBCMT:throw_bad_alloc.obj
 0001:000162e8       ??_Gbad_alloc@std@@UEAAPEAXI@Z 00000001800172e8 f i LIBCMT:throw_bad_alloc.obj
 0001:000162e8       ??_Gbad_array_new_length@std@@UEAAPEAXI@Z 00000001800172e8 f i LIBCMT:throw_bad_alloc.obj
 0001:000162e8       ??_Ebad_alloc@std@@UEAAPEAXI@Z 00000001800172e8 f i LIBCMT:throw_bad_alloc.obj
 0001:000162e8       ??_Eexception@std@@UEAAPEAXI@Z 00000001800172e8 f i LIBCMT:throw_bad_alloc.obj
 0001:0001632c       ?__scrt_throw_std_bad_alloc@@YAXXZ 000000018001732c f   LIBCMT:throw_bad_alloc.obj
 0001:0001634c       ?__scrt_throw_std_bad_array_new_length@@YAXXZ 000000018001734c f   LIBCMT:throw_bad_alloc.obj
 0001:0001636c       ?what@exception@std@@UEBAPEBDXZ 000000018001736c f i LIBCMT:throw_bad_alloc.obj
 0001:00016380       __isa_available_init       0000000180017380 f   LIBCMT:cpu_disp.obj
 0001:000164fc       __scrt_is_ucrt_dll_in_use  00000001800174fc f   LIBCMT:ucrt_detection.obj
 0001:00016510       ??_Gtype_info@@UEAAPEAXI@Z 0000000180017510 f i LIBCMT:std_type_info_static.obj
 0001:00016510       ??_Etype_info@@UEAAPEAXI@Z 0000000180017510 f i LIBCMT:std_type_info_static.obj
 0001:0001653c       __C_specific_handler       000000018001753c f   libvcruntime:riscchandler.obj
 0001:00016748       __std_type_info_destroy_list 0000000180017748 f   libvcruntime:std_type_info.obj
 0001:00016774       __vcrt_initialize          0000000180017774 f   libvcruntime:initialization.obj
 0001:000167a8       __vcrt_thread_attach       00000001800177a8 f   libvcruntime:initialization.obj
 0001:000167bc       __vcrt_thread_detach       00000001800177bc f   libvcruntime:initialization.obj
 0001:000167d0       __vcrt_uninitialize        00000001800177d0 f   libvcruntime:initialization.obj
 0001:000167f0       __vcrt_uninitialize_critical 00000001800177f0 f   libvcruntime:initialization.obj
 0001:00016810       memset_repmovs             0000000180017810 f   libvcruntime:memset.obj
 0001:00016830       memset                     0000000180017830 f   libvcruntime:memset.obj
 0001:000169c0       __std_exception_copy       00000001800179c0 f   libvcruntime:std_exception.obj
 0001:00016a50       __std_exception_destroy    0000000180017a50 f   libvcruntime:std_exception.obj
 0001:00016a78       _CxxThrowException         0000000180017a78 f   libvcruntime:throw.obj
 0001:00016b50       _NLG_Notify                0000000180017b50 f   libvcruntime:notify.obj
 0001:00016b70       __NLG_Dispatch2            0000000180017b70 f   libvcruntime:notify.obj
 0001:00016b80       __NLG_Return2              0000000180017b80 f   libvcruntime:notify.obj
 0001:00016b84       __except_validate_context_record 0000000180017b84 f   libvcruntime:jbcxrval.obj
 0001:00016bbc       __DestructExceptionObject  0000000180017bbc f   libvcruntime:ehhelpers.obj
 0001:00016c30       ?_CallMemberFunction0@@YAXQEAX0@Z 0000000180017c30 f i libvcruntime:ehhelpers.obj
 0001:00016c34       __vcrt_freefls             0000000180017c34 f   libvcruntime:per_thread_data.obj
 0001:00016c54       __vcrt_freeptd             0000000180017c54 f   libvcruntime:per_thread_data.obj
 0001:00016ca4       __vcrt_getptd_noexit       0000000180017ca4 f   libvcruntime:per_thread_data.obj
 0001:00016d70       __vcrt_initialize_ptd      0000000180017d70 f   libvcruntime:per_thread_data.obj
 0001:00016dc4       __vcrt_uninitialize_ptd    0000000180017dc4 f   libvcruntime:per_thread_data.obj
 0001:00016de8       __vcrt_initialize_locks    0000000180017de8 f   libvcruntime:locks.obj
 0001:00016e30       __vcrt_uninitialize_locks  0000000180017e30 f   libvcruntime:locks.obj
 0001:00017040       __vcrt_FlsAlloc            0000000180018040 f   libvcruntime:winapi_downlevel.obj
 0001:00017088       __vcrt_FlsFree             0000000180018088 f   libvcruntime:winapi_downlevel.obj
 0001:000170d0       __vcrt_FlsGetValue         00000001800180d0 f   libvcruntime:winapi_downlevel.obj
 0001:00017118       __vcrt_FlsSetValue         0000000180018118 f   libvcruntime:winapi_downlevel.obj
 0001:0001716c       __vcrt_InitializeCriticalSectionEx 000000018001816c f   libvcruntime:winapi_downlevel.obj
 0001:000171d0       __vcrt_initialize_winapi_thunks 00000001800181d0 f   libvcruntime:winapi_downlevel.obj
 0001:00017200       __vcrt_uninitialize_winapi_thunks 0000000180018200 f   libvcruntime:winapi_downlevel.obj
 0001:00017240       __vcrt_initialize_pure_virtual_call_handler 0000000180018240 f   libvcruntime:purevirt_data.obj
 0001:00017260       memcpy_repmovs             0000000180018260 f   libvcruntime:memcpy.obj
 0001:00017280       memcpy                     0000000180018280 f   libvcruntime:memcpy.obj
 0001:00017280       memmove                    0000000180018280 f   libvcruntime:memcpy.obj
 0001:000176c0       _CallSettingFrame          00000001800186c0 f   libvcruntime:handlers.obj
 0001:00017710       _CallSettingFrameEncoded   0000000180018710 f   libvcruntime:handlers.obj
 0001:00017e70       ??$ftprintf@PEAU_iobuf@@PEB_WAEBQEB_WAEBQEB_WAEBI@?$__crt_char_traits@_W@@SAH$$QEAPEAU_iobuf@@$$QEAPEB_WAEBQEB_W2AEBI@Z 0000000180018e70 f i libucrt:assert.obj
 0001:00017e98       _wassert                   0000000180018e98 f   libucrt:assert.obj
 0001:00017f0c       fwprintf                   0000000180018f0c f i libucrt:assert.obj
 0001:00017f50       swprintf                   0000000180018f50 f i libucrt:assert.obj
 0001:00017fa4       abort                      0000000180018fa4 f   libucrt:abort.obj
 0001:00017ffc       __acrt_initialize_stdio    0000000180018ffc f   libucrt:_file.obj
 0001:0001811c       __acrt_iob_func            000000018001911c f   libucrt:_file.obj
 0001:00018130       __acrt_uninitialize_stdio  0000000180019130 f   libucrt:_file.obj
 0001:0001818c       _lock_file                 000000018001918c f   libucrt:_file.obj
 0001:00018198       _unlock_file               0000000180019198 f   libucrt:_file.obj
 0001:000183f8       ??$ensure_buffer_is_big_enough@D@formatting_buffer@__crt_stdio_output@@QEAA_N_K@Z 00000001800193f8 f i libucrt:output.obj
 0001:000184a0       ??$ensure_buffer_is_big_enough@_W@formatting_buffer@__crt_stdio_output@@QEAA_N_K@Z 00000001800194a0 f i libucrt:output.obj
 0001:0001854c       ??$is_wide_character_specifier@_W@__crt_stdio_output@@YA_N_K_WW4length_modifier@0@@Z 000000018001954c f i libucrt:output.obj
 0001:0001858c       ??$type_case_integer_parse_into_buffer@I@?$output_processor@DV?$stream_output_adapter@D@__crt_stdio_output@@V?$standard_base@DV?$stream_output_adapter@D@__crt_stdio_output@@@2@@__crt_stdio_output@@AEAAXII_N@Z 000000018001958c f i libucrt:output.obj
 0001:0001861c       ??$type_case_integer_parse_into_buffer@I@?$output_processor@_WV?$string_output_adapter@_W@__crt_stdio_output@@V?$standard_base@_WV?$string_output_adapter@_W@__crt_stdio_output@@@2@@__crt_stdio_output@@AEAAXII_N@Z 000000018001961c f i libucrt:output.obj
 0001:0001861c       ??$type_case_integer_parse_into_buffer@I@?$output_processor@_WV?$stream_output_adapter@_W@__crt_stdio_output@@V?$standard_base@_WV?$stream_output_adapter@_W@__crt_stdio_output@@@2@@__crt_stdio_output@@AEAAXII_N@Z 000000018001961c f i libucrt:output.obj
 0001:000186c0       ??$type_case_integer_parse_into_buffer@_K@?$output_processor@DV?$stream_output_adapter@D@__crt_stdio_output@@V?$standard_base@DV?$stream_output_adapter@D@__crt_stdio_output@@@2@@__crt_stdio_output@@AEAAX_KI_N@Z 00000001800196c0 f i libucrt:output.obj
 0001:00018754       ??$type_case_integer_parse_into_buffer@_K@?$output_processor@_WV?$string_output_adapter@_W@__crt_stdio_output@@V?$standard_base@_WV?$string_output_adapter@_W@__crt_stdio_output@@@2@@__crt_stdio_output@@AEAAX_KI_N@Z 0000000180019754 f i libucrt:output.obj
 0001:00018754       ??$type_case_integer_parse_into_buffer@_K@?$output_processor@_WV?$stream_output_adapter@_W@__crt_stdio_output@@V?$standard_base@_WV?$stream_output_adapter@_W@__crt_stdio_output@@@2@@__crt_stdio_output@@AEAAX_KI_N@Z 0000000180019754 f i libucrt:output.obj
 0001:000187f8       ??$write_multiple_characters@V?$stream_output_adapter@D@__crt_stdio_output@@D@__crt_stdio_output@@YAXAEBV?$stream_output_adapter@D@0@DHQEAH@Z 00000001800197f8 f i libucrt:output.obj
 0001:00018884       ??$write_multiple_characters@V?$stream_output_adapter@_W@__crt_stdio_output@@D@__crt_stdio_output@@YAXAEBV?$stream_output_adapter@_W@0@DHQEAH@Z 0000000180019884 f i libucrt:output.obj
 0001:00018918       ??$write_multiple_characters@V?$string_output_adapter@_W@__crt_stdio_output@@D@__crt_stdio_output@@YAXAEBV?$string_output_adapter@_W@0@DHQEAH@Z 0000000180019918 f i libucrt:output.obj
 0001:00018994       ??0_LocaleUpdate@@QEAA@QEAU__crt_locale_pointers@@@Z 0000000180019994 f i libucrt:output.obj
 0001:00018c94       ?crop_zeroes@__crt_stdio_output@@YAXPEADQEAU__crt_locale_pointers@@@Z 0000000180019c94 f i libucrt:output.obj
 0001:00018d00       ?force_decimal_point@__crt_stdio_output@@YAXPEADQEAU__crt_locale_pointers@@@Z 0000000180019d00 f i libucrt:output.obj
 0001:00018d70       ?parse_int_from_format_string@?$output_processor@DV?$stream_output_adapter@D@__crt_stdio_output@@V?$standard_base@DV?$stream_output_adapter@D@__crt_stdio_output@@@2@@__crt_stdio_output@@AEAA_NQEAH@Z 0000000180019d70 f i libucrt:output.obj
 0001:00018e14       ?parse_int_from_format_string@?$output_processor@_WV?$string_output_adapter@_W@__crt_stdio_output@@V?$standard_base@_WV?$string_output_adapter@_W@__crt_stdio_output@@@2@@__crt_stdio_output@@AEAA_NQEAH@Z 0000000180019e14 f i libucrt:output.obj
 0001:00018e14       ?parse_int_from_format_string@?$output_processor@_WV?$stream_output_adapter@_W@__crt_stdio_output@@V?$standard_base@_WV?$stream_output_adapter@_W@__crt_stdio_output@@@2@@__crt_stdio_output@@AEAA_NQEAH@Z 0000000180019e14 f i libucrt:output.obj
 0001:00018eb8       ?process@?$output_processor@DV?$stream_output_adapter@D@__crt_stdio_output@@V?$standard_base@DV?$stream_output_adapter@D@__crt_stdio_output@@@2@@__crt_stdio_output@@QEAAHXZ 0000000180019eb8 f i libucrt:output.obj
 0001:000190d0       ?process@?$output_processor@_WV?$stream_output_adapter@_W@__crt_stdio_output@@V?$standard_base@_WV?$stream_output_adapter@_W@__crt_stdio_output@@@2@@__crt_stdio_output@@QEAAHXZ 000000018001a0d0 f i libucrt:output.obj
 0001:0001933c       ?process@?$output_processor@_WV?$string_output_adapter@_W@__crt_stdio_output@@V?$standard_base@_WV?$string_output_adapter@_W@__crt_stdio_output@@@2@@__crt_stdio_output@@QEAAHXZ 000000018001a33c f i libucrt:output.obj
 0001:000195b8       ?state_case_normal@?$output_processor@DV?$stream_output_adapter@D@__crt_stdio_output@@V?$standard_base@DV?$stream_output_adapter@D@__crt_stdio_output@@@2@@__crt_stdio_output@@AEAA_NXZ 000000018001a5b8 f i libucrt:output.obj
 0001:00019628       ?state_case_normal_tchar@?$output_processor@DV?$stream_output_adapter@D@__crt_stdio_output@@V?$standard_base@DV?$stream_output_adapter@D@__crt_stdio_output@@@2@@__crt_stdio_output@@AEAA_ND@Z 000000018001a628 f i libucrt:output.obj
 0001:000196cc       ?state_case_size@?$output_processor@DV?$stream_output_adapter@D@__crt_stdio_output@@V?$standard_base@DV?$stream_output_adapter@D@__crt_stdio_output@@@2@@__crt_stdio_output@@AEAA_NXZ 000000018001a6cc f i libucrt:output.obj
 0001:00019840       ?state_case_size@?$output_processor@_WV?$stream_output_adapter@_W@__crt_stdio_output@@V?$standard_base@_WV?$stream_output_adapter@_W@__crt_stdio_output@@@2@@__crt_stdio_output@@AEAA_NXZ 000000018001a840 f i libucrt:output.obj
 0001:000199d8       ?state_case_size@?$output_processor@_WV?$string_output_adapter@_W@__crt_stdio_output@@V?$standard_base@_WV?$string_output_adapter@_W@__crt_stdio_output@@@2@@__crt_stdio_output@@AEAA_NXZ 000000018001a9d8 f i libucrt:output.obj
 0001:00019b70       ?state_case_type@?$output_processor@DV?$stream_output_adapter@D@__crt_stdio_output@@V?$standard_base@DV?$stream_output_adapter@D@__crt_stdio_output@@@2@@__crt_stdio_output@@AEAA_NXZ 000000018001ab70 f i libucrt:output.obj
 0001:00019df4       ?state_case_type@?$output_processor@_WV?$stream_output_adapter@_W@__crt_stdio_output@@V?$standard_base@_WV?$stream_output_adapter@_W@__crt_stdio_output@@@2@@__crt_stdio_output@@AEAA_NXZ 000000018001adf4 f i libucrt:output.obj
 0001:0001a0d4       ?state_case_type@?$output_processor@_WV?$string_output_adapter@_W@__crt_stdio_output@@V?$standard_base@_WV?$string_output_adapter@_W@__crt_stdio_output@@@2@@__crt_stdio_output@@AEAA_NXZ 000000018001b0d4 f i libucrt:output.obj
 0001:0001a3a0       ?type_case_Z@?$output_processor@DV?$stream_output_adapter@D@__crt_stdio_output@@V?$standard_base@DV?$stream_output_adapter@D@__crt_stdio_output@@@2@@__crt_stdio_output@@AEAA_NXZ 000000018001b3a0 f i libucrt:output.obj
 0001:0001a418       ?type_case_Z@?$output_processor@_WV?$stream_output_adapter@_W@__crt_stdio_output@@V?$standard_base@_WV?$stream_output_adapter@_W@__crt_stdio_output@@@2@@__crt_stdio_output@@AEAA_NXZ 000000018001b418 f i libucrt:output.obj
 0001:0001a418       ?type_case_Z@?$output_processor@_WV?$string_output_adapter@_W@__crt_stdio_output@@V?$standard_base@_WV?$string_output_adapter@_W@__crt_stdio_output@@@2@@__crt_stdio_output@@AEAA_NXZ 000000018001b418 f i libucrt:output.obj
 0001:0001a494       ?type_case_a@?$output_processor@DV?$stream_output_adapter@D@__crt_stdio_output@@V?$standard_base@DV?$stream_output_adapter@D@__crt_stdio_output@@@2@@__crt_stdio_output@@AEAA_NXZ 000000018001b494 f i libucrt:output.obj
 0001:0001a650       ?type_case_a@?$output_processor@_WV?$stream_output_adapter@_W@__crt_stdio_output@@V?$standard_base@_WV?$stream_output_adapter@_W@__crt_stdio_output@@@2@@__crt_stdio_output@@AEAA_NXZ 000000018001b650 f i libucrt:output.obj
 0001:0001a650       ?type_case_a@?$output_processor@_WV?$string_output_adapter@_W@__crt_stdio_output@@V?$standard_base@_WV?$string_output_adapter@_W@__crt_stdio_output@@@2@@__crt_stdio_output@@AEAA_NXZ 000000018001b650 f i libucrt:output.obj
 0001:0001a830       ?type_case_c_tchar@?$output_processor@DV?$stream_output_adapter@D@__crt_stdio_output@@V?$standard_base@DV?$stream_output_adapter@D@__crt_stdio_output@@@2@@__crt_stdio_output@@AEAA_ND@Z 000000018001b830 f i libucrt:output.obj
 0001:0001a8ec       ?type_case_c_tchar@?$output_processor@_WV?$string_output_adapter@_W@__crt_stdio_output@@V?$standard_base@_WV?$string_output_adapter@_W@__crt_stdio_output@@@2@@__crt_stdio_output@@AEAA_N_W@Z 000000018001b8ec f i libucrt:output.obj
 0001:0001a8ec       ?type_case_c_tchar@?$output_processor@_WV?$stream_output_adapter@_W@__crt_stdio_output@@V?$standard_base@_WV?$stream_output_adapter@_W@__crt_stdio_output@@@2@@__crt_stdio_output@@AEAA_N_W@Z 000000018001b8ec f i libucrt:output.obj
 0001:0001a994       ?type_case_integer@?$output_processor@DV?$stream_output_adapter@D@__crt_stdio_output@@V?$standard_base@DV?$stream_output_adapter@D@__crt_stdio_output@@@2@@__crt_stdio_output@@AEAA_NI_N@Z 000000018001b994 f i libucrt:output.obj
 0001:0001ab5c       ?type_case_integer@?$output_processor@_WV?$stream_output_adapter@_W@__crt_stdio_output@@V?$standard_base@_WV?$stream_output_adapter@_W@__crt_stdio_output@@@2@@__crt_stdio_output@@AEAA_NI_N@Z 000000018001bb5c f i libucrt:output.obj
 0001:0001ab5c       ?type_case_integer@?$output_processor@_WV?$string_output_adapter@_W@__crt_stdio_output@@V?$standard_base@_WV?$string_output_adapter@_W@__crt_stdio_output@@@2@@__crt_stdio_output@@AEAA_NI_N@Z 000000018001bb5c f i libucrt:output.obj
 0001:0001ad28       ?type_case_n@?$output_processor@_WV?$stream_output_adapter@_W@__crt_stdio_output@@V?$standard_base@_WV?$stream_output_adapter@_W@__crt_stdio_output@@@2@@__crt_stdio_output@@AEAA_NXZ 000000018001bd28 f i libucrt:output.obj
 0001:0001ad28       ?type_case_n@?$output_processor@_WV?$string_output_adapter@_W@__crt_stdio_output@@V?$standard_base@_WV?$string_output_adapter@_W@__crt_stdio_output@@@2@@__crt_stdio_output@@AEAA_NXZ 000000018001bd28 f i libucrt:output.obj
 0001:0001ad28       ?type_case_n@?$output_processor@DV?$stream_output_adapter@D@__crt_stdio_output@@V?$standard_base@DV?$stream_output_adapter@D@__crt_stdio_output@@@2@@__crt_stdio_output@@AEAA_NXZ 000000018001bd28 f i libucrt:output.obj
 0001:0001ae04       ?type_case_s@?$output_processor@DV?$stream_output_adapter@D@__crt_stdio_output@@V?$standard_base@DV?$stream_output_adapter@D@__crt_stdio_output@@@2@@__crt_stdio_output@@AEAA_NXZ 000000018001be04 f i libucrt:output.obj
 0001:0001ae9c       ?type_case_s@?$output_processor@_WV?$stream_output_adapter@_W@__crt_stdio_output@@V?$standard_base@_WV?$stream_output_adapter@_W@__crt_stdio_output@@@2@@__crt_stdio_output@@AEAA_NXZ 000000018001be9c f i libucrt:output.obj
 0001:0001ae9c       ?type_case_s@?$output_processor@_WV?$string_output_adapter@_W@__crt_stdio_output@@V?$standard_base@_WV?$string_output_adapter@_W@__crt_stdio_output@@@2@@__crt_stdio_output@@AEAA_NXZ 000000018001be9c f i libucrt:output.obj
 0001:0001af64       ?validate_stream_is_ansi_if_required@?$__acrt_stdio_char_traits@D@@SA_NQEAU_iobuf@@@Z 000000018001bf64 f i libucrt:output.obj
 0001:0001b000       ?write_stored_string_tchar@?$output_processor@DV?$stream_output_adapter@D@__crt_stdio_output@@V?$standard_base@DV?$stream_output_adapter@D@__crt_stdio_output@@@2@@__crt_stdio_output@@AEAA_ND@Z 000000018001c000 f i libucrt:output.obj
 0001:0001b124       ?write_stored_string_tchar@?$output_processor@_WV?$stream_output_adapter@_W@__crt_stdio_output@@V?$standard_base@_WV?$stream_output_adapter@_W@__crt_stdio_output@@@2@@__crt_stdio_output@@AEAA_N_W@Z 000000018001c124 f i libucrt:output.obj
 0001:0001b22c       ?write_stored_string_tchar@?$output_processor@_WV?$string_output_adapter@_W@__crt_stdio_output@@V?$standard_base@_WV?$string_output_adapter@_W@__crt_stdio_output@@@2@@__crt_stdio_output@@AEAA_N_W@Z 000000018001c22c f i libucrt:output.obj
 0001:0001b318       ?write_string@?$string_output_adapter@_W@__crt_stdio_output@@QEBAXQEB_WHQEAHAEAV__crt_deferred_errno_cache@@@Z 000000018001c318 f i libucrt:output.obj
 0001:0001b3c0       ?write_string_impl@?$output_adapter_common@DV?$stream_output_adapter@D@__crt_stdio_output@@@__crt_stdio_output@@IEBAXQEBDHQEAHAEAV__crt_deferred_errno_cache@@@Z 000000018001c3c0 f i libucrt:output.obj
 0001:0001b4b8       ?write_string_impl@?$output_adapter_common@_WV?$stream_output_adapter@_W@__crt_stdio_output@@@__crt_stdio_output@@IEBAXQEB_WHQEAHAEAV__crt_deferred_errno_cache@@@Z 000000018001c4b8 f i libucrt:output.obj
 0001:0001b5bc       __stdio_common_vfprintf    000000018001c5bc f   libucrt:output.obj
 0001:0001b648       __stdio_common_vfwprintf   000000018001c648 f   libucrt:output.obj
 0001:0001b6d4       __stdio_common_vswprintf   000000018001c6d4 f   libucrt:output.obj
 0001:0001b6dc       free                       000000018001c6dc f   libucrt:free.obj
 0001:0001b6f0       malloc                     000000018001c6f0 f   libucrt:malloc.obj
 0001:0001b6f8       __ascii_stricmp            000000018001c6f8 f   libucrt:stricmp.obj
 0001:0001b738       _stricmp                   000000018001c738 f   libucrt:stricmp.obj
 0001:0001b780       _stricmp_l                 000000018001c780 f   libucrt:stricmp.obj
 0001:0001b834       _initterm                  000000018001c834 f   libucrt:initterm.obj
 0001:0001b898       _initterm_e                000000018001c898 f   libucrt:initterm.obj
 0001:0001b8d8       __acrt_initialize_new_handler 000000018001c8d8 f   libucrt:new_handler.obj
 0001:0001b8e0       _callnewh                  000000018001c8e0 f   libucrt:new_handler.obj
 0001:0001b910       _query_new_handler         000000018001c910 f   libucrt:new_handler.obj
 0001:0001b944       _seh_filter_dll            000000018001c944 f   libucrt:exception_filter.obj
 0001:0001b958       _seh_filter_exe            000000018001c958 f   libucrt:exception_filter.obj
 0001:0001bd48       __acrt_initialize_thread_local_exit_callback 000000018001cd48 f   libucrt:exit.obj
 0001:0001bd50       _cexit                     000000018001cd50 f   libucrt:exit.obj
 0001:0001bd60       _exit                      000000018001cd60 f   libucrt:exit.obj
 0001:0001bd6c       _is_c_termination_complete 000000018001cd6c f   libucrt:exit.obj
 0001:0001bf38       __acrt_allocate_buffer_for_argv 000000018001cf38 f   libucrt:argv_parsing.obj
 0001:0001bf98       _configure_narrow_argv     000000018001cf98 f   libucrt:argv_parsing.obj
 0001:0001c310       __dcrt_uninitialize_environments_nolock 000000018001d310 f   libucrt:environment_initialization.obj
 0001:0001c348       _initialize_narrow_environment 000000018001d348 f   libucrt:environment_initialization.obj
 0001:0001c4a4       _execute_onexit_table      000000018001d4a4 f   libucrt:onexit.obj
 0001:0001c4e0       _initialize_onexit_table   000000018001d4e0 f   libucrt:onexit.obj
 0001:0001c540       __acrt_uninitialize_command_line 000000018001d540 f   libucrt:argv_data.obj
 0001:0001c638       __acrt_initialize          000000018001d638 f   libucrt:initialization.obj
 0001:0001c64c       __acrt_thread_attach       000000018001d64c f   libucrt:initialization.obj
 0001:0001c660       __acrt_thread_detach       000000018001d660 f   libucrt:initialization.obj
 0001:0001c670       __acrt_uninitialize        000000018001d670 f   libucrt:initialization.obj
 0001:0001c6a8       __acrt_uninitialize_critical 000000018001d6a8 f   libucrt:initialization.obj
 0001:0001c6b8       terminate                  000000018001d6b8 f   libucrt:terminate.obj
 0001:0001c6d8       strcpy_s                   000000018001d6d8 f   libucrt:strcpy_s.obj
 0001:0001c738       ??$parse_integer@KV?$c_string_character_source@D@__crt_strtox@@@__crt_strtox@@YAKQEAU__crt_locale_pointers@@V?$c_string_character_source@D@0@H_N@Z 000000018001d738 f i libucrt:atox.obj
 0001:0001ca74       ??$parse_integer@KV?$c_string_character_source@_W@__crt_strtox@@@__crt_strtox@@YAKQEAU__crt_locale_pointers@@V?$c_string_character_source@_W@0@H_N@Z 000000018001da74 f i libucrt:atox.obj
 0001:0001d140       strncmp                    000000018001e140 f   libucrt:strncmp.obj
 0001:0001d1c0       calloc                     000000018001e1c0 f   libucrt:calloc.obj
 0001:0001d1c8       wcsncmp                    000000018001e1c8 f   libucrt:wcsncmp.obj
 0001:0001d1f4       __acrt_call_reportfault    000000018001e1f4 f   libucrt:invalid_parameter.obj
 0001:0001d350       __acrt_initialize_invalid_parameter_handler 000000018001e350 f   libucrt:invalid_parameter.obj
 0001:0001d358       _invalid_parameter         000000018001e358 f   libucrt:invalid_parameter.obj
 0001:0001d408       _invalid_parameter_noinfo  000000018001e408 f   libucrt:invalid_parameter.obj
 0001:0001d428       _invoke_watson             000000018001e428 f   libucrt:invalid_parameter.obj
 0001:0001d470       _query_app_type            000000018001e470 f   libucrt:report_runtime_error.obj
 0001:0001d478       __acrt_errno_from_os_error 000000018001e478 f   libucrt:errno.obj
 0001:0001d4c0       __acrt_errno_map_os_error  000000018001e4c0 f   libucrt:errno.obj
 0001:0001d510       __doserrno                 000000018001e510 f   libucrt:errno.obj
 0001:0001d530       _errno                     000000018001e530 f   libucrt:errno.obj
 0001:0001d690       _itow_s                    000000018001e690 f   libucrt:xtoa.obj
 0001:0001d6b0       _set_error_mode            000000018001e6b0 f   libucrt:set_error_mode.obj
 0001:0001d6f0       wcscat_s                   000000018001e6f0 f   libucrt:wcscat_s.obj
 0001:0001d770       wcscpy_s                   000000018001e770 f   libucrt:wcscpy_s.obj
 0001:0001d7d8       wcsncat_s                  000000018001e7d8 f   libucrt:wcsncat_s.obj
 0001:0001d8d8       ??$__acrt_wcs_to_mbs_cp@U__crt_win32_buffer_no_resizing@@@@YAHQEB_WAEAV?$__crt_win32_buffer@DU__crt_win32_buffer_no_resizing@@@@I@Z 000000018001e8d8 f i libucrt:getmodulefilenamea.obj
 0001:0001d9ec       __acrt_GetModuleFileNameA  000000018001e9ec f   libucrt:getmodulefilenamea.obj
 0001:0001db0c       __acrt_show_wide_message_box 000000018001eb0c f   libucrt:crtmbox.obj
 0001:0001ddcc       __acrt_stdio_flush_nolock  000000018001edcc f   libucrt:fflush.obj
 0001:0001de48       _fflush_nolock             000000018001ee48 f   libucrt:fflush.obj
 0001:0001de94       _flushall                  000000018001ee94 f   libucrt:fflush.obj
 0001:0001de9c       fflush                     000000018001ee9c f   libucrt:fflush.obj
 0001:0001e024       setvbuf                    000000018001f024 f   libucrt:setvbuf.obj
 0001:0001e108       __acrt_get_sigabrt_handler 000000018001f108 f   libucrt:signal.obj
 0001:0001e138       __acrt_initialize_signal_handlers 000000018001f138 f   libucrt:signal.obj
 0001:0001e158       raise                      000000018001f158 f   libucrt:signal.obj
 0001:0001e3c4       _calloc_base               000000018001f3c4 f   libucrt:calloc_base.obj
 0001:0001e43c       _free_base                 000000018001f43c f   libucrt:free_base.obj
 0001:0001e654       __acrt_AppPolicyGetProcessTerminationMethodInternal 000000018001f654 f   libucrt:winapi_thunks.obj
 0001:0001e6a4       __acrt_AppPolicyGetShowDeveloperDiagnosticInternal 000000018001f6a4 f   libucrt:winapi_thunks.obj
 0001:0001e6f4       __acrt_AppPolicyGetWindowingModelInternal 000000018001f6f4 f   libucrt:winapi_thunks.obj
 0001:0001e744       __acrt_AreFileApisANSI     000000018001f744 f   libucrt:winapi_thunks.obj
 0001:0001e780       __acrt_FlsAlloc            000000018001f780 f   libucrt:winapi_thunks.obj
 0001:0001e7c8       __acrt_FlsFree             000000018001f7c8 f   libucrt:winapi_thunks.obj
 0001:0001e810       __acrt_FlsGetValue         000000018001f810 f   libucrt:winapi_thunks.obj
 0001:0001e858       __acrt_FlsSetValue         000000018001f858 f   libucrt:winapi_thunks.obj
 0001:0001e8ac       __acrt_InitializeCriticalSectionEx 000000018001f8ac f   libucrt:winapi_thunks.obj
 0001:0001e910       __acrt_LCMapStringEx       000000018001f910 f   libucrt:winapi_thunks.obj
 0001:0001e9ec       __acrt_LocaleNameToLCID    000000018001f9ec f   libucrt:winapi_thunks.obj
 0001:0001ea3c       __acrt_MessageBoxW         000000018001fa3c f   libucrt:winapi_thunks.obj
 0001:0001eab0       __acrt_can_show_message_box 000000018001fab0 f   libucrt:winapi_thunks.obj
 0001:0001eb20       __acrt_get_parent_window   000000018001fb20 f   libucrt:winapi_thunks.obj
 0001:0001eb98       __acrt_initialize_winapi_thunks 000000018001fb98 f   libucrt:winapi_thunks.obj
 0001:0001ebcc       __acrt_is_interactive      000000018001fbcc f   libucrt:winapi_thunks.obj
 0001:0001ec94       __acrt_uninitialize_winapi_thunks 000000018001fc94 f   libucrt:winapi_thunks.obj
 0001:0001ecd8       _fcloseall                 000000018001fcd8 f   libucrt:closeall.obj
 0001:0001ed8c       __acrt_stdio_free_buffer_nolock 000000018001fd8c f   libucrt:_freebuf.obj
 0001:0001efc8       __acrt_initialize_lowio    000000018001ffc8 f   libucrt:ioinit.obj
 0001:0001f004       __acrt_uninitialize_lowio  0000000180020004 f   libucrt:ioinit.obj
 0001:0001f044       isdigit                    0000000180020044 f i libucrt:_ctype.obj
 0001:0001f138       _tolower_l                 0000000180020138 f   libucrt:tolower_toupper.obj
 0001:0001f278       tolower                    0000000180020278 f   libucrt:tolower_toupper.obj
 0001:0001f2a4       _malloc_base               00000001800202a4 f   libucrt:malloc_base.obj
 0001:0001f304       strtol                     0000000180020304 f   libucrt:strtox.obj
 0001:0001f330       wcstol                     0000000180020330 f   libucrt:strtox.obj
 0001:0001f35c       _mbtowc_l                  000000018002035c f   libucrt:mbtowc.obj
 0001:0001f4d8       mbtowc                     00000001800204d8 f   libucrt:mbtowc.obj
 0001:0001f4e0       _wctomb_s_l                00000001800204e0 f   libucrt:wctomb.obj
 0001:0001f680       wctomb_s                   0000000180020680 f   libucrt:wctomb.obj
 0001:0001f694       strnlen                    0000000180020694 f   libucrt:strnlen.obj
 0001:0001f7e4       wcsnlen                    00000001800207e4 f   libucrt:strnlen.obj
 0001:0001fd34       __acrt_freeptd             0000000180020d34 f   libucrt:per_thread_data.obj
 0001:0001fd78       __acrt_getptd              0000000180020d78 f   libucrt:per_thread_data.obj
 0001:0001fe4c       __acrt_getptd_head         0000000180020e4c f   libucrt:per_thread_data.obj
 0001:0001fef4       __acrt_getptd_noexit       0000000180020ef4 f   libucrt:per_thread_data.obj
 0001:0001ffc0       __acrt_initialize_ptd      0000000180020fc0 f   libucrt:per_thread_data.obj
 0001:0001fffc       __acrt_uninitialize_ptd    0000000180020ffc f   libucrt:per_thread_data.obj
 0001:00020020       __acrt_update_locale_info  0000000180021020 f   libucrt:locale_update.obj
 0001:00020054       __acrt_update_multibyte_info 0000000180021054 f   libucrt:locale_update.obj
 0001:00020a5c       __acrt_fp_format           0000000180021a5c f   libucrt:cvt.obj
 0001:00020ce4       _fputwc_nolock             0000000180021ce4 f   libucrt:fputwc.obj
 0001:00020e60       _fileno                    0000000180021e60 f   libucrt:fileno.obj
 0001:00020e88       _fputc_nolock              0000000180021e88 f   libucrt:fputc.obj
 0001:00020ea0       _get_printf_count_output   0000000180021ea0 f   libucrt:printf_count_output.obj
 0001:00020eb8       __acrt_stdio_begin_temporary_buffering_nolock 0000000180021eb8 f   libucrt:_sftbuf.obj
 0001:00020f88       __acrt_stdio_end_temporary_buffering_nolock 0000000180021f88 f   libucrt:_sftbuf.obj
 0001:00021034       __acrt_set_locale_changed  0000000180022034 f   libucrt:wsetlocale.obj
 0001:00021040       __acrt_uninitialize_locale 0000000180022040 f   libucrt:wsetlocale.obj
 0001:00021070       __acrt_initialize_locks    0000000180022070 f   libucrt:locks.obj
 0001:000210b8       __acrt_lock                00000001800220b8 f   libucrt:locks.obj
 0001:000210d4       __acrt_uninitialize_locks  00000001800220d4 f   libucrt:locks.obj
 0001:0002110c       __acrt_unlock              000000018002210c f   libucrt:locks.obj
 0001:00021128       __acrt_get_developer_information_policy 0000000180022128 f   libucrt:win_policies.obj
 0001:0002117c       __acrt_get_process_end_policy 000000018002217c f   libucrt:win_policies.obj
 0001:000211b8       __acrt_get_windowing_model_policy 00000001800221b8 f   libucrt:win_policies.obj
 0001:00021238       ??$__acrt_mbs_to_wcs_cp@U__crt_win32_buffer_internal_dynamic_resizing@@@@YAHQEBDAEAV?$__crt_win32_buffer@_WU__crt_win32_buffer_internal_dynamic_resizing@@@@I@Z 0000000180022238 f i libucrt:argv_wildcards.obj
 0001:000213b0       ??$__acrt_wcs_to_mbs_cp@U__crt_win32_buffer_internal_dynamic_resizing@@@@YAHQEB_WAEAV?$__crt_win32_buffer@DU__crt_win32_buffer_internal_dynamic_resizing@@@@I@Z 00000001800223b0 f i libucrt:argv_wildcards.obj
 0001:00021be0       __acrt_expand_narrow_argv_wildcards 0000000180022be0 f   libucrt:argv_wildcards.obj
 0001:00022314       __acrt_initialize_multibyte 0000000180023314 f   libucrt:mbctype.obj
 0001:00022374       __acrt_update_thread_multibyte_data 0000000180023374 f   libucrt:mbctype.obj
 0001:00022390       _setmbcp_nolock            0000000180023390 f   libucrt:mbctype.obj
 0001:000226c4       _ismbblead                 00000001800236c4 f   libucrt:ismbbyte.obj
 0001:000226d8       __acrt_initialize_command_line 00000001800236d8 f   libucrt:argv_data.obj
 0001:00022700       __acrt_MultiByteToWideChar 0000000180023700 f   libucrt:multibytetowidechar.obj
 0001:0002275c       __acrt_WideCharToMultiByte 000000018002375c f   libucrt:widechartomultibyte.obj
 0001:000227f4       __dcrt_get_narrow_environment_from_os 00000001800237f4 f   libucrt:get_environment_from_os.obj
 0001:000228f8       _recalloc_base             00000001800238f8 f   libucrt:recalloc.obj
 0001:00022990       __acrt_initialize_heap     0000000180023990 f   libucrt:heap_handle.obj
 0001:000229ac       __acrt_uninitialize_heap   00000001800239ac f   libucrt:heap_handle.obj
 0001:000229b8       __acrt_execute_initializers 00000001800239b8 f   libucrt:shared_initialization.obj
 0001:00022a38       __acrt_execute_uninitializers 0000000180023a38 f   libucrt:shared_initialization.obj
 0001:00022a74       __acrt_has_user_matherr    0000000180023a74 f   libucrt:matherr.obj
 0001:00022a94       __acrt_initialize_user_matherr 0000000180023a94 f   libucrt:matherr.obj
 0001:00022a9c       __acrt_invoke_user_matherr 0000000180023a9c f   libucrt:matherr.obj
 0001:00022acc       __pctype_func              0000000180023acc f   libucrt:ctype.obj
 0001:00022afc       iswctype                   0000000180023afc f   libucrt:iswctype.obj
 0001:00022b6c       _isctype_l                 0000000180023b6c f   libucrt:isctype.obj
 0001:00022d08       _commit                    0000000180023d08 f   libucrt:commit.obj
 0001:00023608       _write                     0000000180024608 f   libucrt:write.obj
 0001:000236f4       _write_nolock              00000001800246f4 f   libucrt:write.obj
 0001:000239d0       _query_new_mode            00000001800249d0 f   libucrt:new_mode.obj
 0001:00023ac0       __acrt_DownlevelLocaleNameToLCID 0000000180024ac0 f   libucrt:lcidtoname_downlevel.obj
 0001:00023af4       _fclose_nolock             0000000180024af4 f   libucrt:fclose.obj
 0001:00023b78       fclose                     0000000180024b78 f   libucrt:fclose.obj
 0001:00023bdc       __acrt_lowio_create_handle_array 0000000180024bdc f   libucrt:osfinfo.obj
 0001:00023c84       __acrt_lowio_destroy_handle_array 0000000180024c84 f   libucrt:osfinfo.obj
 0001:00023cd4       __acrt_lowio_ensure_fh_exists 0000000180024cd4 f   libucrt:osfinfo.obj
 0001:00023d7c       __acrt_lowio_lock_fh       0000000180024d7c f   libucrt:osfinfo.obj
 0001:00023da4       __acrt_lowio_unlock_fh     0000000180024da4 f   libucrt:osfinfo.obj
 0001:00023dcc       _free_osfhnd               0000000180024dcc f   libucrt:osfinfo.obj
 0001:00023e88       _get_osfhandle             0000000180024e88 f   libucrt:osfinfo.obj
 0001:00023f00       _isleadbyte_l              0000000180024f00 f i libucrt:_wctype.obj
 0001:00024264       __acrt_LCMapStringA        0000000180025264 f   libucrt:lcmapstringa.obj
 0001:000242fc       ?__mbrtowc_utf8@__crt_mbstring@@YA_KPEA_WPEBD_KPEAU_Mbstatet@@@Z 00000001800252fc f   libucrt:mbrtowc.obj
 0001:00024338       ?__mbsrtowcs_utf8@__crt_mbstring@@YA_KPEA_WPEAPEBD_KPEAU_Mbstatet@@@Z 0000000180025338 f   libucrt:mbrtowc.obj
 0001:000244b0       ?__c32rtomb_utf8@__crt_mbstring@@YA_KPEAD_UPEAU_Mbstatet@@@Z 00000001800254b0 f   libucrt:c32rtomb.obj
 0001:00024568       __acrt_add_locale_ref      0000000180025568 f   libucrt:locale_refcounting.obj
 0001:000245f4       __acrt_free_locale         00000001800255f4 f   libucrt:locale_refcounting.obj
 0001:0002476c       __acrt_locale_add_lc_time_reference 000000018002576c f   libucrt:locale_refcounting.obj
 0001:00024794       __acrt_locale_free_lc_time_if_unreferenced 0000000180025794 f   libucrt:locale_refcounting.obj
 0001:000247cc       __acrt_locale_release_lc_time_reference 00000001800257cc f   libucrt:locale_refcounting.obj
 0001:000247f4       __acrt_release_locale_ref  00000001800257f4 f   libucrt:locale_refcounting.obj
 0001:0002489c       __acrt_update_thread_locale_data 000000018002589c f   libucrt:locale_refcounting.obj
 0001:0002490c       _updatetlocinfoEx_nolock   000000018002590c f   libucrt:locale_refcounting.obj
 0001:00024974       __acrt_fp_strflt_to_string 0000000180025974 f   libucrt:_fptostr.obj
 0001:00024a60       ?divide@__crt_strtox@@YA_KAEAUbig_integer@1@AEBU21@@Z 0000000180025a60 f i libucrt:cfout.obj
 0001:00024e8c       __acrt_fltout              0000000180025e8c f   libucrt:cfout.obj
 0001:0002638c       __acrt_stdio_flush_and_write_narrow_nolock 000000018002738c f   libucrt:_flsbuf.obj
 0001:00026478       __acrt_stdio_flush_and_write_wide_nolock 0000000180027478 f   libucrt:_flsbuf.obj
 0001:00026564       _isatty                    0000000180027564 f   libucrt:isatty.obj
 0001:000265c4       __acrt_locale_free_monetary 00000001800275c4 f   libucrt:initmon.obj
 0001:000266d0       __acrt_locale_free_numeric 00000001800276d0 f   libucrt:initnum.obj
 0001:00026794       __acrt_locale_free_time    0000000180027794 f   libucrt:inittime.obj
 0001:0002689c       __acrt_GetStringTypeA      000000018002789c f   libucrt:getstringtypea.obj
 0001:00026a30       qsort                      0000000180027a30 f   libucrt:qsort.obj
 0001:00026df0       strncpy_s                  0000000180027df0 f   libucrt:strncpy_s.obj
 0001:00026f70       strpbrk                    0000000180027f70 f   libucrt:strpbrk.obj
 0001:00027350       _mbsdec                    0000000180028350 f   libucrt:mbsdec.obj
 0001:00027358       _mbsdec_l                  0000000180028358 f   libucrt:mbsdec.obj
 0001:00027404       _msize_base                0000000180028404 f   libucrt:msize.obj
 0001:00027440       _realloc_base              0000000180028440 f   libucrt:realloc_base.obj
 0001:000274bc       __acrt_GetStringTypeW      00000001800284bc f   libucrt:getstringtypew.obj
 0001:00027650       _lseeki64                  0000000180028650 f   libucrt:lseek.obj
 0001:00027658       _lseeki64_nolock           0000000180028658 f   libucrt:lseek.obj
 0001:00027660       _putwch_nolock             0000000180028660 f   libucrt:putwch.obj
 0001:00027710       _close                     0000000180028710 f   libucrt:close.obj
 0001:000277b4       _close_nolock              00000001800287b4 f   libucrt:close.obj
 0001:00027874       ?__acrt_stdio_free_stream@@YAXV__crt_stdio_stream@@@Z 0000000180028874 f   libucrt:stream.obj
 0001:00027890       __strncnt                  0000000180028890 f   libucrt:strncnt.obj
 0001:000278a8       ?__mbrtoc32_utf8@__crt_mbstring@@YA_KPEA_UPEBD_KPEAU_Mbstatet@@@Z 00000001800288a8 f   libucrt:mbrtoc32.obj
 0001:00027a84       fegetenv                   0000000180028a84 f   libucrt:fegetenv.obj
 0001:00027aa4       fesetenv                   0000000180028aa4 f   libucrt:fesetenv.obj
 0001:00027af4       feholdexcept               0000000180028af4 f   libucrt:feholdexcept.obj
 0001:00027b44       ceil                       0000000180028b44 f   libucrt:ceil.obj
 0001:00027c10       log10                      0000000180028c10 f   libucrt:log10.obj
 0001:000281bc       __acrt_stdio_allocate_buffer_nolock 00000001800291bc f   libucrt:_getbuf.obj
 0001:00028224       __dcrt_lowio_ensure_console_output_initialized 0000000180029224 f   libucrt:initcon.obj
 0001:00028278       __dcrt_terminate_console_output 0000000180029278 f   libucrt:initcon.obj
 0001:00028294       __dcrt_write_console       0000000180029294 f   libucrt:initcon.obj
 0001:00028354       __acrt_fenv_get_control    0000000180029354 f   libucrt:_fenvutils.obj
 0001:00028448       __acrt_fenv_get_status     0000000180029448 f   libucrt:_fenvutils.obj
 0001:0002849c       __acrt_fenv_set_control    000000018002949c f   libucrt:_fenvutils.obj
 0001:000285e4       __acrt_fenv_set_status     00000001800295e4 f   libucrt:_fenvutils.obj
 0001:00028668       _clearfp                   0000000180029668 f   libucrt:ieee.obj
 0001:000287fc       _handle_error              00000001800297fc f   libucrt:libm_error.obj
 0001:00028924       _handle_nan                0000000180029924 f   libucrt:libm_error.obj
 0001:00028940       __acrt_initialize_fma3     0000000180029940 f   libucrt:fma3_available.obj
 0001:000289b0       _log10_special             00000001800299b0 f   libucrt:log_special.obj
 0001:00028a80       _get_fpsr                  0000000180029a80 f   libucrt:fpsr.obj
 0001:00028a90       _set_fpsr                  0000000180029a90 f   libucrt:fpsr.obj
 0001:00028a9a       _fclrf                     0000000180029a9a f   libucrt:fpsr.obj
 0001:00028aae       _frnd                      0000000180029aae f   libucrt:fpsr.obj
 0001:00028ad0       _raise_exc                 0000000180029ad0 f   libucrt:fpexcept.obj
 0001:00028af8       _raise_exc_ex              0000000180029af8 f   libucrt:fpexcept.obj
 0001:00028e08       _set_errno_from_matherr    0000000180029e08 f   libucrt:fpexcept.obj
 0001:00028e38       _clrfp                     0000000180029e38 f   libucrt:fpctrl.obj
 0001:00028e58       _ctrlfp                    0000000180029e58 f   libucrt:fpctrl.obj
 0001:00028ed4       _set_statfp                0000000180029ed4 f   libucrt:fpctrl.obj
 0001:00028ef4       _statfp                    0000000180029ef4 f   libucrt:fpctrl.obj
 0001:00028f05       IsProcessorFeaturePresent  0000000180029f05 f   kernel32:KERNEL32.dll
 0001:00028f0c       ?DloadAcquireSectionWriteAccess@@YAXXZ 0000000180029f0c f i DelayImp:delayhlp.obj
 0001:00028fb8       ?DloadGetSRWLockFunctionPointers@@YAEXZ 0000000180029fb8 f i DelayImp:delayhlp.obj
 0001:00029054       ?DloadMakePermanentImageCommit@@YAXPEAX_K@Z 000000018002a054 f i DelayImp:delayhlp.obj
 0001:000290ec       ?DloadObtainSection@@YAPEAXPEAK0@Z 000000018002a0ec f i DelayImp:delayhlp.obj
 0001:00029188       ?DloadProtectSection@@YAXKPEAK@Z 000000018002a188 f i DelayImp:delayhlp.obj
 0001:00029218       ?DloadReleaseSectionWriteAccess@@YAXXZ 000000018002a218 f i DelayImp:delayhlp.obj
 0001:000292ac       __delayLoadHelper2         000000018002a2ac f   DelayImp:delayhlp.obj
 0001:00029570       _FindPESection             000000018002a570 f   LIBCMT:pesect.obj
 0001:000295c0       _IsNonwritableInCurrentImage 000000018002a5c0 f   LIBCMT:pesect.obj
 0001:00029610       _ValidateImageBase         000000018002a610 f   LIBCMT:pesect.obj
 0001:00029640       __GSHandlerCheck           000000018002a640 f   LIBCMT:gshandler.obj
 0001:00029660       __GSHandlerCheckCommon     000000018002a660 f   LIBCMT:gshandler.obj
 0001:000296d0       __chkstk                   000000018002a6d0 f   LIBCMT:chkstk.obj
 0001:000296d0       _alloca_probe              000000018002a6d0 f   LIBCMT:chkstk.obj
 0001:00029724       strrchr                    000000018002a724 f   libvcruntime:strrchr.obj
 0001:00029880       memcmp                     000000018002a880 f   libvcruntime:memcmp.obj
 0001:00029960       _guard_dispatch_icall_nop  000000018002a960 f   LIBCMT:guard_dispatch.obj
 0002:00000000       __imp_GetModuleHandleA     000000018002b000     kernel32:KERNEL32.dll
 0002:00000008       __imp_LoadLibraryExA       000000018002b008     kernel32:KERNEL32.dll
 0002:00000010       __imp_RtlCaptureContext    000000018002b010     kernel32:KERNEL32.dll
 0002:00000018       __imp_RtlLookupFunctionEntry 000000018002b018     kernel32:KERNEL32.dll
 0002:00000020       __imp_RtlVirtualUnwind     000000018002b020     kernel32:KERNEL32.dll
 0002:00000028       __imp_UnhandledExceptionFilter 000000018002b028     kernel32:KERNEL32.dll
 0002:00000030       __imp_SetUnhandledExceptionFilter 000000018002b030     kernel32:KERNEL32.dll
 0002:00000038       __imp_GetCurrentProcess    000000018002b038     kernel32:KERNEL32.dll
 0002:00000040       __imp_TerminateProcess     000000018002b040     kernel32:KERNEL32.dll
 0002:00000048       __imp_IsProcessorFeaturePresent 000000018002b048     kernel32:KERNEL32.dll
 0002:00000050       __imp_QueryPerformanceCounter 000000018002b050     kernel32:KERNEL32.dll
 0002:00000058       __imp_GetCurrentProcessId  000000018002b058     kernel32:KERNEL32.dll
 0002:00000060       __imp_GetCurrentThreadId   000000018002b060     kernel32:KERNEL32.dll
 0002:00000068       __imp_GetSystemTimeAsFileTime 000000018002b068     kernel32:KERNEL32.dll
 0002:00000070       __imp_InitializeSListHead  000000018002b070     kernel32:KERNEL32.dll
 0002:00000078       __imp_IsDebuggerPresent    000000018002b078     kernel32:KERNEL32.dll
 0002:00000080       __imp_GetStartupInfoW      000000018002b080     kernel32:KERNEL32.dll
 0002:00000088       __imp_GetModuleHandleW     000000018002b088     kernel32:KERNEL32.dll
 0002:00000090       __imp_RtlUnwindEx          000000018002b090     kernel32:KERNEL32.dll
 0002:00000098       __imp_InterlockedFlushSList 000000018002b098     kernel32:KERNEL32.dll
 0002:000000a0       __imp_RtlPcToFileHeader    000000018002b0a0     kernel32:KERNEL32.dll
 0002:000000a8       __imp_RaiseException       000000018002b0a8     kernel32:KERNEL32.dll
 0002:000000b0       __imp_GetLastError         000000018002b0b0     kernel32:KERNEL32.dll
 0002:000000b8       __imp_SetLastError         000000018002b0b8     kernel32:KERNEL32.dll
 0002:000000c0       __imp_EnterCriticalSection 000000018002b0c0     kernel32:KERNEL32.dll
 0002:000000c8       __imp_LeaveCriticalSection 000000018002b0c8     kernel32:KERNEL32.dll
 0002:000000d0       __imp_DeleteCriticalSection 000000018002b0d0     kernel32:KERNEL32.dll
 0002:000000d8       __imp_InitializeCriticalSectionAndSpinCount 000000018002b0d8     kernel32:KERNEL32.dll
 0002:000000e0       __imp_TlsAlloc             000000018002b0e0     kernel32:KERNEL32.dll
 0002:000000e8       __imp_TlsGetValue          000000018002b0e8     kernel32:KERNEL32.dll
 0002:000000f0       __imp_TlsSetValue          000000018002b0f0     kernel32:KERNEL32.dll
 0002:000000f8       __imp_TlsFree              000000018002b0f8     kernel32:KERNEL32.dll
 0002:00000100       __imp_FreeLibrary          000000018002b100     kernel32:KERNEL32.dll
 0002:00000108       __imp_GetProcAddress       000000018002b108     kernel32:KERNEL32.dll
 0002:00000110       __imp_LoadLibraryExW   