 keccak

 Timestamp is 5dcb7fbe (Wed Nov 13 12:59:58 2019)

 Preferred load address is 0000000180000000

 Start         Length     Name                   Class
 0001:00000000 00017270H .text$mn                CODE
 0001:00017270 00000020H .text$mn$00             CODE
 0001:00017290 00000250H .text$x                 CODE
 0002:00000000 00000258H .idata$5                DATA
 0002:00000258 00000010H .00cfg                  DATA
 0002:00000268 00000008H .CRT$XCA                DATA
 0002:00000270 00000008H .CRT$XCU                DATA
 0002:00000278 00000008H .CRT$XCZ                DATA
 0002:00000280 00000008H .CRT$XIA                DATA
 0002:00000288 00000018H .CRT$XIC                DATA
 0002:000002a0 00000008H .CRT$XIZ                DATA
 0002:000002a8 00000008H .CRT$XPA                DATA
 0002:000002b0 00000010H .CRT$XPX                DATA
 0002:000002c0 00000008H .CRT$XPXA               DATA
 0002:000002c8 00000008H .CRT$XPZ                DATA
 0002:000002d0 00000008H .CRT$XTA                DATA
 0002:000002d8 00000008H .CRT$XTZ                DATA
 0002:000002e0 00000000H .gfids$y                DATA
 0002:000002e0 00008810H .rdata                  DATA
 0002:00008af0 000001f4H .rdata$r                DATA
 0002:00008ce4 000003ccH .rdata$zzzdbg           DATA
 0002:000090b0 00000008H .rtc$IAA                DATA
 0002:000090b8 00000008H .rtc$IZZ                DATA
 0002:000090c0 00000008H .rtc$TAA                DATA
 0002:000090c8 00000008H .rtc$TZZ                DATA
 0002:000090d0 00001108H .xdata                  DATA
 0002:0000a1d8 000000ecH .xdata$x                DATA
 0002:0000a2c4 00000020H .didat$2                DATA
 0002:0000a2e4 00000024H .didat$3                DATA
 0002:0000a308 00000140H .didat$4                DATA
 0002:0000a448 00000b20H .didat$6                DATA
 0002:0000af68 00000148H .didat$7                DATA
 0002:0000b0b0 00000050H .edata                  DATA
 0002:0000b100 00000014H .idata$2                DATA
 0002:0000b114 00000014H .idata$3                DATA
 0002:0000b128 00000258H .idata$4                DATA
 0002:0000b380 00000574H .idata$6                DATA
 0003:00000000 00000a80H .data                   DATA
 0003:00000a80 000000a0H .data$r                 DATA
 0003:00000b20 00000140H .didat$5                DATA
 0003:00000c60 00001218H .bss                    DATA
 0004:00000000 00001458H .pdata                  DATA
 0005:00000000 00000060H .rsrc$01                DATA
 0005:00000060 00000180H .rsrc$02                DATA

  Address         Publics by Value              Rva+Base               Lib:Object

 0000:00000000       __hybrid_code_map_count    0000000000000000     <absolute>
 0000:00000000       __hybrid_code_map          0000000000000000     <absolute>
 0000:00000000       __guard_iat_count          0000000000000000     <absolute>
 0000:00000000       __guard_longjmp_count      0000000000000000     <absolute>
 0000:00000000       __guard_longjmp_table      0000000000000000     <absolute>
 0000:00000000       __volatile_metadata        0000000000000000     <absolute>
 0000:00000000       __guard_iat_table          0000000000000000     <absolute>
 0000:00000000       __guard_fids_count         0000000000000000     <absolute>
 0000:00000000       ___safe_se_handler_count   0000000000000000     <absolute>
 0000:00000000       __enclave_config           0000000000000000     <absolute>
 0000:00000000       ___safe_se_handler_table   0000000000000000     <absolute>
 0000:00000000       __guard_fids_table         0000000000000000     <absolute>
 0000:00000000       __hybrid_auxiliary_iat     0000000000000000     <absolute>
 0000:00000000       __dynamic_value_reloc_table 0000000000000000     <absolute>
 0000:00000100       __guard_flags              0000000000000100     <absolute>
 0000:00000000       __ImageBase                0000000180000000     <linker-defined>
 0001:000000e0       ?New@?$Factory@VFunctionTemplate@v8@@@imp@Nan@@SA?AV?$Local@VFunctionTemplate@v8@@@v8@@P6AXAEBV?$FunctionCallbackInfo@VValue@v8@@@3@@ZV?$Local@VValue@v8@@@5@V?$Local@VSignature@v8@@@5@@Z 00000001800010e0 f i addon.obj
 0001:000002b0       ?SetPrototypeMethod@Nan@@YAXV?$Local@VFunctionTemplate@v8@@@v8@@PEBDP6AXAEBV?$FunctionCallbackInfo@VValue@v8@@@1@@Z@Z 00000001800012b0 f i addon.obj
 0001:00000390       ?Ref@ObjectWrap@Nan@@MEAAXXZ 0000000180001390 f i addon.obj
 0001:000003d0       ?Unref@ObjectWrap@Nan@@MEAAXXZ 00000001800013d0 f i addon.obj
 0001:00000480       ?WeakCallback@ObjectWrap@Nan@@CAXAEBV?$WeakCallbackInfo@VObjectWrap@Nan@@@v8@@@Z 0000000180001480 f i addon.obj
 0001:000004e0       ??_EObjectWrap@Nan@@UEAAPEAXI@Z 00000001800014e0 f i * CIL library *:* CIL module *
 0001:000004e0       ??_GObjectWrap@Nan@@UEAAPEAXI@Z 00000001800014e0 f i addon.obj
 0001:00000540       ?Init@KeccakWrapper@@SA?AV?$Local@VFunction@v8@@@v8@@XZ 0000000180001540 f i addon.obj
 0001:00000770       ?New@KeccakWrapper@@CAXAEBV?$FunctionCallbackInfo@VValue@v8@@@Nan@@@Z 0000000180001770 f i addon.obj
 0001:000008b0       ?Initialize@KeccakWrapper@@CAXAEBV?$FunctionCallbackInfo@VValue@v8@@@Nan@@@Z 00000001800018b0 f i addon.obj
 0001:000009c0       ?Absorb@KeccakWrapper@@CAXAEBV?$FunctionCallbackInfo@VValue@v8@@@Nan@@@Z 00000001800019c0 f i addon.obj
 0001:00000b10       ?AbsorbLastFewBits@KeccakWrapper@@CAXAEBV?$FunctionCallbackInfo@VValue@v8@@@Nan@@@Z 0000000180001b10 f i addon.obj
 0001:00000b90       ?Squeeze@KeccakWrapper@@CAXAEBV?$FunctionCallbackInfo@VValue@v8@@@Nan@@@Z 0000000180001b90 f i addon.obj
 0001:00000dd0       ?Copy@KeccakWrapper@@CAXAEBV?$FunctionCallbackInfo@VValue@v8@@@Nan@@@Z 0000000180001dd0 f i addon.obj
 0001:00000ed0       ??_GKeccakWrapper@@UEAAPEAXI@Z 0000000180001ed0 f i addon.obj
 0001:00000ed0       ??_EKeccakWrapper@@UEAAPEAXI@Z 0000000180001ed0 f i * CIL library *:* CIL module *
 0001:00000f30       ?Init@@YAXV?$Local@VObject@v8@@@v8@@0@Z 0000000180001f30 f   addon.obj
 0001:00001000       ??$Unwrap@VKeccakWrapper@@@ObjectWrap@Nan@@SAPEAVKeccakWrapper@@V?$Local@VObject@v8@@@v8@@@Z 0000000180002000 f i addon.obj
 0001:00001090       KeccakWidth1600_SpongeAbsorbLastFewBits 0000000180002090 f   KeccakSpongeWidth1600.obj
 0001:00001140       KeccakP1600_AddByte        0000000180002140 f   KeccakP-1600-inplace32BI.obj
 0001:00001270       KeccakP1600_AddBytesInLane 0000000180002270 f   KeccakP-1600-inplace32BI.obj
 0001:000013b0       KeccakP1600_AddBytes       00000001800023b0 f   KeccakP-1600-inplace32BI.obj
 0001:00001580       KeccakP1600_ExtractBytesInLane 0000000180002580 f   KeccakP-1600-inplace32BI.obj
 0001:000016c0       KeccakP1600_ExtractBytes   00000001800026c0 f   KeccakP-1600-inplace32BI.obj
 0001:00001890       KeccakP1600_Permute_Nrounds 0000000180002890 f   KeccakP-1600-inplace32BI.obj
 0001:000043e4       __imp_load_?Value@External@v8@@QEBAPEAXXZ 00000001800053e4 f   node:node.exe
 0001:000043f0       __tailMerge_node_exe       00000001800053f0     node:node.exe
 0001:00004469       __imp_load_?New@External@v8@@SA?AV?$Local@VExternal@v8@@@2@PEAVIsolate@2@PEAX@Z 0000000180005469 f   node:node.exe
 0001:00004475       __imp_load_?New@Signature@v8@@SA?AV?$Local@VSignature@v8@@@2@PEAVIsolate@2@V?$Local@VFunctionTemplate@v8@@@2@@Z 0000000180005475 f   node:node.exe
 0001:00004481       __imp_load_?GetCurrentContext@Isolate@v8@@QEAA?AV?$Local@VContext@v8@@@2@XZ 0000000180005481 f   node:node.exe
 0001:0000448d       __imp_load_?GetCurrent@Isolate@v8@@SAPEAV12@XZ 000000018000548d f   node:node.exe
 0001:00004499       __imp_load_?CreateHandle@HandleScope@v8@@KAPEAPEAVObject@internal@2@PEAVIsolate@42@PEAV342@@Z 0000000180005499 f   node:node.exe
 0001:000044a5       __imp_load_?CreateHandle@HandleScope@v8@@CAPEAPEAVObject@internal@2@PEAVHeapObject@42@PEAV342@@Z 00000001800054a5 f   node:node.exe
 0001:000044b1       __imp_load_??1HandleScope@v8@@QEAA@XZ 00000001800054b1 f   node:node.exe
 0001:000044bd       __imp_load_??0HandleScope@v8@@QEAA@PEAVIsolate@1@@Z 00000001800054bd f   node:node.exe
 0001:000044c9       __imp_load_?Set@Template@v8@@QEAAXV?$Local@VName@v8@@@2@V?$Local@VData@v8@@@2@W4PropertyAttribute@2@@Z 00000001800054c9 f   node:node.exe
 0001:000044d5       __imp_load_?SetClassName@FunctionTemplate@v8@@QEAAXV?$Local@VString@v8@@@2@@Z 00000001800054d5 f   node:node.exe
 0001:000044e1       __imp_load_?PrototypeTemplate@FunctionTemplate@v8@@QEAA?AV?$Local@VObjectTemplate@v8@@@2@XZ 00000001800054e1 f   node:node.exe
 0001:000044ed       __imp_load_?InstanceTemplate@FunctionTemplate@v8@@QEAA?AV?$Local@VObjectTemplate@v8@@@2@XZ 00000001800054ed f   node:node.exe
 0001:000044f9       __imp_load_?GetFunction@FunctionTemplate@v8@@QEAA?AV?$MaybeLocal@VFunction@v8@@@2@V?$Local@VContext@v8@@@2@@Z 00000001800054f9 f   node:node.exe
 0001:00004505       __imp_load_?New@FunctionTemplate@v8@@SA?AV?$Local@VFunctionTemplate@v8@@@2@PEAVIsolate@2@P6AXAEBV?$FunctionCallbackInfo@VValue@v8@@@2@@ZV?$Local@VValue@v8@@@2@V?$Local@VSignature@v8@@@2@HW4ConstructorBehavior@2@W4SideEffectType@2@@Z 0000000180005505 f   node:node.exe
 0001:00004511       __imp_load_?ToLocalEmpty@V8@v8@@CAXXZ 0000000180005511 f   node:node.exe
 0001:0000451d       __imp_load_?FromJustIsNothing@V8@v8@@CAXXZ 000000018000551d f   node:node.exe
 0001:00004529       __imp_load_?ClearWeak@V8@v8@@CAPEAXPEAPEAVObject@internal@2@@Z 0000000180005529 f   node:node.exe
 0001:00004535       __imp_load_?MakeWeak@V8@v8@@CAXPEAPEAVObject@internal@2@PEAXP6AXAEBV?$WeakCallbackInfo@X@2@@ZW4WeakCallbackType@2@@Z 0000000180005535 f   node:node.exe
 0001:00004541       __imp_load_?DisposeGlobal@V8@v8@@CAXPEAPEAVObject@internal@2@@Z 0000000180005541 f   node:node.exe
 0001:0000454d       __imp_load_?GlobalizeReference@V8@v8@@CAPEAPEAVObject@internal@2@PEAVIsolate@42@PEAPEAV342@@Z 000000018000554d f   node:node.exe
 0001:00004559       __imp_load_?IntegerValue@Value@v8@@QEBA?AV?$Maybe@_J@2@V?$Local@VContext@v8@@@2@@Z 0000000180005559 f   node:node.exe
 0001:00004565       __imp_load_?ToObject@Value@v8@@QEBA?AV?$MaybeLocal@VObject@v8@@@2@V?$Local@VContext@v8@@@2@@Z 0000000180005565 f   node:node.exe
 0001:00004571       __imp_load_?Escape@EscapableHandleScope@v8@@AEAAPEAPEAVObject@internal@2@PEAPEAV342@@Z 0000000180005571 f   node:node.exe
 0001:0000457d       __imp_load_??0EscapableHandleScope@v8@@QEAA@PEAVIsolate@1@@Z 000000018000557d f   node:node.exe
 0001:00004589       __imp_load_?NewFromUtf8@String@v8@@SA?AV?$MaybeLocal@VString@v8@@@2@PEAVIsolate@2@PEBDW4NewStringType@2@H@Z 0000000180005589 f   node:node.exe
 0001:00004595       __imp_load_?SlowGetAlignedPointerFromInternalField@Object@v8@@AEAAPEAXH@Z 0000000180005595 f   node:node.exe
 0001:000045a1       __imp_load_?SlowGetInternalField@Object@v8@@AEAA?AV?$Local@VValue@v8@@@2@H@Z 00000001800055a1 f   node:node.exe
 0001:000045ad       __imp_load_?SetAlignedPointerInInternalField@Object@v8@@QEAAXHPEAX@Z 00000001800055ad f   node:node.exe
 0001:000045b9       __imp_load_?SetInternalField@Object@v8@@QEAAXHV?$Local@VValue@v8@@@2@@Z 00000001800055b9 f   node:node.exe
 0001:000045c5       __imp_load_?InternalFieldCount@Object@v8@@QEAAHXZ 00000001800055c5 f   node:node.exe
 0001:000045d1       __imp_load_?Set@Object@v8@@QEAA?AV?$Maybe@_N@2@V?$Local@VContext@v8@@@2@V?$Local@VValue@v8@@@2@1@Z 00000001800055d1 f   node:node.exe
 0001:000045dd       __imp_load_?SetInternalFieldCount@ObjectTemplate@v8@@QEAAXH@Z 00000001800055dd f   node:node.exe
 0001:000045e9       __imp_load_?NewInstance@ObjectTemplate@v8@@QEAA?AV?$MaybeLocal@VObject@v8@@@2@V?$Local@VContext@v8@@@2@@Z 00000001800055e9 f   node:node.exe
 0001:000045f5       __imp_load_?New@ObjectTemplate@v8@@SA?AV?$Local@VObjectTemplate@v8@@@2@PEAVIsolate@2@V?$Local@VFunctionTemplate@v8@@@2@@Z 00000001800055f5 f   node:node.exe
 0001:00004601       __imp_load_node_module_register 0000000180005601 f   node:node.exe
 0001:0000460d       __imp_load_?New@Buffer@node@@YA?AV?$MaybeLocal@VObject@v8@@@v8@@PEAVIsolate@4@_K@Z 000000018000560d f   node:node.exe
 0001:00004619       __imp_load_?Data@Buffer@node@@YAPEADV?$Local@VObject@v8@@@v8@@@Z 0000000180005619 f   node:node.exe
 0001:00004625       __imp_load_?Length@Buffer@node@@YA_KV?$Local@VObject@v8@@@v8@@@Z 0000000180005625 f   node:node.exe
 0001:00004650       __security_check_cookie    0000000180005650 f   LIBCMT:amdsecgs.obj
 0001:00004674       ??2@YAPEAX_K@Z             0000000180005674 f   LIBCMT:new_scalar.obj
 0001:000046b0       ??3@YAXPEAX_K@Z            00000001800056b0 f   LIBCMT:delete_scalar_size.obj
 0001:000049e8       _DllMainCRTStartup         00000001800059e8 f   LIBCMT:dll_dllmain.obj
 0001:00004a28       __raise_securityfailure    0000000180005a28 f   LIBCMT:gs_report.obj
 0001:00004a5c       __report_gsfailure         0000000180005a5c f   LIBCMT:gs_report.obj
 0001:00004b30       __report_rangecheckfailure 0000000180005b30 f   LIBCMT:gs_report.obj
 0001:00004b44       __report_securityfailure   0000000180005b44 f   LIBCMT:gs_report.obj
 0001:00004cc4       ??0bad_alloc@std@@QEAA@AEBV01@@Z 0000000180005cc4 f i LIBCMT:throw_bad_alloc.obj
 0001:00004d04       ??0bad_alloc@std@@QEAA@XZ  0000000180005d04 f i LIBCMT:throw_bad_alloc.obj
 0001:00004d24       ??0bad_array_new_length@std@@QEAA@AEBV01@@Z 0000000180005d24 f i LIBCMT:throw_bad_alloc.obj
 0001:00004d64       ??0bad_array_new_length@std@@QEAA@XZ 0000000180005d64 f i LIBCMT:throw_bad_alloc.obj
 0001:00004d84       ??0exception@std@@QEAA@AEBV01@@Z 0000000180005d84 f i LIBCMT:throw_bad_alloc.obj
 0001:00004dbc       ??1bad_array_new_length@std@@UEAA@XZ 0000000180005dbc f i LIBCMT:throw_bad_alloc.obj
 0001:00004dbc       ??1bad_alloc@std@@UEAA@XZ  0000000180005dbc f i LIBCMT:throw_bad_alloc.obj
 0001:00004dd0       ??_Ebad_array_new_length@std@@UEAAPEAXI@Z 0000000180005dd0 f i LIBCMT:throw_bad_alloc.obj
 0001:00004dd0       ??_Gexception@std@@UEAAPEAXI@Z 0000000180005dd0 f i LIBCMT:throw_bad_alloc.obj
 0001:00004dd0       ??_Gbad_array_new_length@std@@UEAAPEAXI@Z 0000000180005dd0 f i LIBCMT:throw_bad_alloc.obj
 0001:00004dd0       ??_Gbad_alloc@std@@UEAAPEAXI@Z 0000000180005dd0 f i LIBCMT:throw_bad_alloc.obj
 0001:00004dd0       ??_Eexception@std@@UEAAPEAXI@Z 0000000180005dd0 f i LIBCMT:throw_bad_alloc.obj
 0001:00004dd0       ??_Ebad_alloc@std@@UEAAPEAXI@Z 0000000180005dd0 f i LIBCMT:throw_bad_alloc.obj
 0001:00004e14       ?__scrt_throw_std_bad_alloc@@YAXXZ 0000000180005e14 f   LIBCMT:throw_bad_alloc.obj
 0001:00004e34       ?__scrt_throw_std_bad_array_new_length@@YAXXZ 0000000180005e34 f   LIBCMT:throw_bad_alloc.obj
 0001:00004e54       ?what@exception@std@@UEBAPEBDXZ 0000000180005e54 f i LIBCMT:throw_bad_alloc.obj
 0001:00004e68       ??3@YAXPEAX@Z              0000000180005e68 f   LIBCMT:delete_scalar.obj
 0001:00004e70       __security_init_cookie     0000000180005e70 f   LIBCMT:gs_support.obj
 0001:00004f1c       _get_startup_argv_mode     0000000180005f1c f   LIBCMT:argv_mode.obj
 0001:00004f1c       DllMain                    0000000180005f1c f   LIBCMT:dll_dllmain_stub.obj
 0001:00004f24       ?__scrt_initialize_type_info@@YAXXZ 0000000180005f24 f   LIBCMT:tncleanup.obj
 0001:00004f34       ?__scrt_uninitialize_type_info@@YAXXZ 0000000180005f34 f   LIBCMT:tncleanup.obj
 0001:00004f40       __local_stdio_printf_options 0000000180005f40 f i LIBCMT:default_local_stdio_options.obj
 0001:00004f48       __local_stdio_scanf_options 0000000180005f48 f i LIBCMT:default_local_stdio_options.obj
 0001:00004f50       __scrt_initialize_default_local_stdio_options 0000000180005f50 f   LIBCMT:default_local_stdio_options.obj
 0001:00004f6c       __scrt_acquire_startup_lock 0000000180005f6c f   LIBCMT:utility.obj
 0001:00004fa8       __scrt_dllmain_after_initialize_c 0000000180005fa8 f   LIBCMT:utility.obj
 0001:00004fdc       __scrt_dllmain_before_initialize_c 0000000180005fdc f   LIBCMT:utility.obj
 0001:00004ff4       __scrt_dllmain_crt_thread_attach 0000000180005ff4 f   LIBCMT:utility.obj
 0001:0000501c       __scrt_dllmain_crt_thread_detach 000000018000601c f   LIBCMT:utility.obj
 0001:00005034       __scrt_dllmain_exception_filter 0000000180006034 f   LIBCMT:utility.obj
 0001:00005094       __scrt_dllmain_uninitialize_c 0000000180006094 f   LIBCMT:utility.obj
 0001:000050c4       __scrt_dllmain_uninitialize_critical 00000001800060c4 f   LIBCMT:utility.obj
 0001:000050d8       __scrt_initialize_crt      00000001800060d8 f   LIBCMT:utility.obj
 0001:00005124       __scrt_initialize_onexit_tables 0000000180006124 f   LIBCMT:utility.obj
 0001:000051fc       __scrt_is_nonwritable_in_current_image 00000001800061fc f   LIBCMT:utility.obj
 0001:00005298       __scrt_release_startup_lock 0000000180006298 f   LIBCMT:utility.obj
 0001:000052bc       __scrt_uninitialize_crt    00000001800062bc f   LIBCMT:utility.obj
 0001:000052e8       __scrt_get_dyn_tls_init_callback 00000001800062e8 f   LIBCMT:dyn_tls_init.obj
 0001:000052f0       __crt_debugger_hook        00000001800062f0 f   LIBCMT:utility_desktop.obj
 0001:000052f8       __scrt_fastfail            00000001800062f8 f   LIBCMT:utility_desktop.obj
 0001:00005444       _RTC_Initialize            0000000180006444 f   LIBCMT:initsect.obj
 0001:00005480       _RTC_Terminate             0000000180006480 f   LIBCMT:initsect.obj
 0001:000054bc       _guard_check_icall_nop     00000001800064bc f i LIBCMT:guard_support.obj
 0001:000054c0       ??_Etype_info@@UEAAPEAXI@Z 00000001800064c0 f i LIBCMT:std_type_info_static.obj
 0001:000054c0       ??_Gtype_info@@UEAAPEAXI@Z 00000001800064c0 f i LIBCMT:std_type_info_static.obj
 0001:000054ec       __isa_available_init       00000001800064ec f   LIBCMT:cpu_disp.obj
 0001:00005668       __scrt_is_ucrt_dll_in_use  0000000180006668 f   LIBCMT:ucrt_detection.obj
 0001:00005680       __C_specific_handler       0000000180006680 f   libvcruntime:riscchandler.obj
 0001:0000588c       __std_exception_copy       000000018000688c f   libvcruntime:std_exception.obj
 0001:0000591c       __std_exception_destroy    000000018000691c f   libvcruntime:std_exception.obj
 0001:00005944       _CxxThrowException         0000000180006944 f   libvcruntime:throw.obj
 0001:00005a04       __std_type_info_destroy_list 0000000180006a04 f   libvcruntime:std_type_info.obj
 0001:00005a30       __vcrt_initialize          0000000180006a30 f   libvcruntime:initialization.obj
 0001:00005a64       __vcrt_thread_attach       0000000180006a64 f   libvcruntime:initialization.obj
 0001:00005a78       __vcrt_thread_detach       0000000180006a78 f   libvcruntime:initialization.obj
 0001:00005a8c       __vcrt_uninitialize        0000000180006a8c f   libvcruntime:initialization.obj
 0001:00005aac       __vcrt_uninitialize_critical 0000000180006aac f   libvcruntime:initialization.obj
 0001:00005ad0       memset_repmovs             0000000180006ad0 f   libvcruntime:memset.obj
 0001:00005af0       memset                     0000000180006af0 f   libvcruntime:memset.obj
 0001:00005c90       _NLG_Notify                0000000180006c90 f   libvcruntime:notify.obj
 0001:00005cb0       __NLG_Dispatch2            0000000180006cb0 f   libvcruntime:notify.obj
 0001:00005cc0       __NLG_Return2              0000000180006cc0 f   libvcruntime:notify.obj
 0001:00005cc4       __except_validate_context_record 0000000180006cc4 f   libvcruntime:jbcxrval.obj
 0001:00005cfc       __DestructExceptionObject  0000000180006cfc f   libvcruntime:ehhelpers.obj
 0001:00005d70       ?_CallMemberFunction0@@YAXQEAX0@Z 0000000180006d70 f i libvcruntime:ehhelpers.obj
 0001:00005d74       __vcrt_freefls             0000000180006d74 f   libvcruntime:per_thread_data.obj
 0001:00005d94       __vcrt_freeptd             0000000180006d94 f   libvcruntime:per_thread_data.obj
 0001:00005de4       __vcrt_getptd_noexit       0000000180006de4 f   libvcruntime:per_thread_data.obj
 0001:00005eb0       __vcrt_initialize_ptd      0000000180006eb0 f   libvcruntime:per_thread_data.obj
 0001:00005f04       __vcrt_uninitialize_ptd    0000000180006f04 f   libvcruntime:per_thread_data.obj
 0001:00005f28       __vcrt_initialize_locks    0000000180006f28 f   libvcruntime:locks.obj
 0001:00005f70       __vcrt_uninitialize_locks  0000000180006f70 f   libvcruntime:locks.obj
 0001:00006180       __vcrt_FlsAlloc            0000000180007180 f   libvcruntime:winapi_downlevel.obj
 0001:000061c8       __vcrt_FlsFree             00000001800071c8 f   libvcruntime:winapi_downlevel.obj
 0001:00006210       __vcrt_FlsGetValue         0000000180007210 f   libvcruntime:winapi_downlevel.obj
 0001:00006258       __vcrt_FlsSetValue         0000000180007258 f   libvcruntime:winapi_downlevel.obj
 0001:000062ac       __vcrt_InitializeCriticalSectionEx 00000001800072ac f   libvcruntime:winapi_downlevel.obj
 0001:00006310       __vcrt_initialize_winapi_thunks 0000000180007310 f   libvcruntime:winapi_downlevel.obj
 0001:00006340       __vcrt_uninitialize_winapi_thunks 0000000180007340 f   libvcruntime:winapi_downlevel.obj
 0001:00006380       __vcrt_initialize_pure_virtual_call_handler 0000000180007380 f   libvcruntime:purevirt_data.obj
 0001:000063a0       memcpy_repmovs             00000001800073a0 f   libvcruntime:memcpy.obj
 0001:000063c0       memcpy                     00000001800073c0 f   libvcruntime:memcpy.obj
 0001:000063c0       memmove                    00000001800073c0 f   libvcruntime:memcpy.obj
 0001:00006800       _CallSettingFrame          0000000180007800 f   libvcruntime:handlers.obj
 0001:00006850       _CallSettingFrameEncoded   0000000180007850 f   libvcruntime:handlers.obj
 0001:00006fb0       ??$ftprintf@PEAU_iobuf@@PEB_WAEBQEB_WAEBQEB_WAEBI@?$__crt_char_traits@_W@@SAH$$QEAPEAU_iobuf@@$$QEAPEB_WAEBQEB_W2AEBI@Z 0000000180007fb0 f i libucrt:assert.obj
 0001:00006fd8       _wassert                   0000000180007fd8 f   libucrt:assert.obj
 0001:0000704c       fwprintf                   000000018000804c f i libucrt:assert.obj
 0001:00007090       swprintf                   0000000180008090 f i libucrt:assert.obj
 0001:000070e4       ??0_LocaleUpdate@@QEAA@QEAU__crt_locale_pointers@@@Z 00000001800080e4 f i libucrt:stricmp.obj
 0001:00007180       __ascii_stricmp            0000000180008180 f   libucrt:stricmp.obj
 0001:000071c0       _stricmp                   00000001800081c0 f   libucrt:stricmp.obj
 0001:00007208       _stricmp_l                 0000000180008208 f   libucrt:stricmp.obj
 0001:000072bc       __acrt_initialize_new_handler 00000001800082bc f   libucrt:new_handler.obj
 0001:000072c4       _callnewh                  00000001800082c4 f   libucrt:new_handler.obj
 0001:000072f4       _query_new_handler         00000001800082f4 f   libucrt:new_handler.obj
 0001:00007328       malloc                     0000000180008328 f   libucrt:malloc.obj
 0001:00007330       _initterm                  0000000180008330 f   libucrt:initterm.obj
 0001:00007394       _initterm_e                0000000180008394 f   libucrt:initterm.obj
 0001:000073d4       free                       00000001800083d4 f   libucrt:free.obj
 0001:000073e8       _seh_filter_dll            00000001800083e8 f   libucrt:exception_filter.obj
 0001:000073fc       _seh_filter_exe            00000001800083fc f   libucrt:exception_filter.obj
 0001:000077ec       __acrt_initialize_thread_local_exit_callback 00000001800087ec f   libucrt:exit.obj
 0001:000077f4       _cexit                     00000001800087f4 f   libucrt:exit.obj
 0001:00007804       _exit                      0000000180008804 f   libucrt:exit.obj
 0001:00007810       _is_c_termination_complete 0000000180008810 f   libucrt:exit.obj
 0001:000079dc       __acrt_allocate_buffer_for_argv 00000001800089dc f   libucrt:argv_parsing.obj
 0001:00007a3c       _configure_narrow_argv     0000000180008a3c f   libucrt:argv_parsing.obj
 0001:00007db4       __dcrt_uninitialize_environments_nolock 0000000180008db4 f   libucrt:environment_initialization.obj
 0001:00007dec       _initialize_narrow_environment 0000000180008dec f   libucrt:environment_initialization.obj
 0001:00007f48       _execute_onexit_table      0000000180008f48 f   libucrt:onexit.obj
 0001:00007f84       _initialize_onexit_table   0000000180008f84 f   libucrt:onexit.obj
 0001:00007fe4       __acrt_uninitialize_command_line 0000000180008fe4 f   libucrt:argv_data.obj
 0001:000080dc       __acrt_initialize          00000001800090dc f   libucrt:initialization.obj
 0001:000080f0       __acrt_thread_attach       00000001800090f0 f   libucrt:initialization.obj
 0001:00008104       __acrt_thread_detach       0000000180009104 f   libucrt:initialization.obj
 0001:00008114       __acrt_uninitialize        0000000180009114 f   libucrt:initialization.obj
 0001:0000814c       __acrt_uninitialize_critical 000000018000914c f   libucrt:initialization.obj
 0001:0000815c       terminate                  000000018000915c f   libucrt:terminate.obj
 0001:0000817c       strcpy_s                   000000018000917c f   libucrt:strcpy_s.obj
 0001:000083f0       ??$ensure_buffer_is_big_enough@D@formatting_buffer@__crt_stdio_output@@QEAA_N_K@Z 00000001800093f0 f i libucrt:output.obj
 0001:00008498       ??$ensure_buffer_is_big_enough@_W@formatting_buffer@__crt_stdio_output@@QEAA_N_K@Z 0000000180009498 f i libucrt:output.obj
 0001:00008544       ??$is_wide_character_specifier@_W@__crt_stdio_output@@YA_N_K_WW4length_modifier@0@@Z 0000000180009544 f i libucrt:output.obj
 0001:00008584       ??$type_case_integer_parse_into_buffer@I@?$output_processor@_WV?$string_output_adapter@_W@__crt_stdio_output@@V?$standard_base@_WV?$string_output_adapter@_W@__crt_stdio_output@@@2@@__crt_stdio_output@@AEAAXII_N@Z 0000000180009584 f i libucrt:output.obj
 0001:00008584       ??$type_case_integer_parse_into_buffer@I@?$output_processor@_WV?$stream_output_adapter@_W@__crt_stdio_output@@V?$standard_base@_WV?$stream_output_adapter@_W@__crt_stdio_output@@@2@@__crt_stdio_output@@AEAAXII_N@Z 0000000180009584 f i libucrt:output.obj
 0001:00008628       ??$type_case_integer_parse_into_buffer@_K@?$output_processor@_WV?$string_output_adapter@_W@__crt_stdio_output@@V?$standard_base@_WV?$string_output_adapter@_W@__crt_stdio_output@@@2@@__crt_stdio_output@@AEAAX_KI_N@Z 0000000180009628 f i libucrt:output.obj
 0001:00008628       ??$type_case_integer_parse_into_buffer@_K@?$output_processor@_WV?$stream_output_adapter@_W@__crt_stdio_output@@V?$standard_base@_WV?$stream_output_adapter@_W@__crt_stdio_output@@@2@@__crt_stdio_output@@AEAAX_KI_N@Z 0000000180009628 f i libucrt:output.obj
 0001:000086cc       ??$write_multiple_characters@V?$stream_output_adapter@_W@__crt_stdio_output@@D@__crt_stdio_output@@YAXAEBV?$stream_output_adapter@_W@0@DHQEAH@Z 00000001800096cc f i libucrt:output.obj
 0001:00008760       ??$write_multiple_characters@V?$string_output_adapter@_W@__crt_stdio_output@@D@__crt_stdio_output@@YAXAEBV?$string_output_adapter@_W@0@DHQEAH@Z 0000000180009760 f i libucrt:output.obj
 0001:00008910       ?crop_zeroes@__crt_stdio_output@@YAXPEADQEAU__crt_locale_pointers@@@Z 0000000180009910 f i libucrt:output.obj
 0001:0000897c       ?force_decimal_point@__crt_stdio_output@@YAXPEADQEAU__crt_locale_pointers@@@Z 000000018000997c f i libucrt:output.obj
 0001:000089ec       ?parse_int_from_format_string@?$output_processor@_WV?$stream_output_adapter@_W@__crt_stdio_output@@V?$standard_base@_WV?$stream_output_adapter@_W@__crt_stdio_output@@@2@@__crt_stdio_output@@AEAA_NQEAH@Z 00000001800099ec f i libucrt:output.obj
 0001:000089ec       ?parse_int_from_format_string@?$output_processor@_WV?$string_output_adapter@_W@__crt_stdio_output@@V?$standard_base@_WV?$string_output_adapter@_W@__crt_stdio_output@@@2@@__crt_stdio_output@@AEAA_NQEAH@Z 00000001800099ec f i libucrt:output.obj
 0001:00008a90       ?process@?$output_processor@_WV?$stream_output_adapter@_W@__crt_stdio_output@@V?$standard_base@_WV?$stream_output_adapter@_W@__crt_stdio_output@@@2@@__crt_stdio_output@@QEAAHXZ 0000000180009a90 f i libucrt:output.obj
 0001:00008cfc       ?process@?$output_processor@_WV?$string_output_adapter@_W@__crt_stdio_output@@V?$standard_base@_WV?$string_output_adapter@_W@__crt_stdio_output@@@2@@__crt_stdio_output@@QEAAHXZ 0000000180009cfc f i libucrt:output.obj
 0001:00008f78       ?state_case_size@?$output_processor@_WV?$stream_output_adapter@_W@__crt_stdio_output@@V?$standard_base@_WV?$stream_output_adapter@_W@__crt_stdio_output@@@2@@__crt_stdio_output@@AEAA_NXZ 0000000180009f78 f i libucrt:output.obj
 0001:00009110       ?state_case_size@?$output_processor@_WV?$string_output_adapter@_W@__crt_stdio_output@@V?$standard_base@_WV?$string_output_adapter@_W@__crt_stdio_output@@@2@@__crt_stdio_output@@AEAA_NXZ 000000018000a110 f i libucrt:output.obj
 0001:000092a8       ?state_case_type@?$output_processor@_WV?$stream_output_adapter@_W@__crt_stdio_output@@V?$standard_base@_WV?$stream_output_adapter@_W@__crt_stdio_output@@@2@@__crt_stdio_output@@AEAA_NXZ 000000018000a2a8 f i libucrt:output.obj
 0001:00009588       ?state_case_type@?$output_processor@_WV?$string_output_adapter@_W@__crt_stdio_output@@V?$standard_base@_WV?$string_output_adapter@_W@__crt_stdio_output@@@2@@__crt_stdio_output@@AEAA_NXZ 000000018000a588 f i libucrt:output.obj
 0001:00009854       ?type_case_Z@?$output_processor@_WV?$stream_output_adapter@_W@__crt_stdio_output@@V?$standard_base@_WV?$stream_output_adapter@_W@__crt_stdio_output@@@2@@__crt_stdio_output@@AEAA_NXZ 000000018000a854 f i libucrt:output.obj
 0001:00009854       ?type_case_Z@?$output_processor@_WV?$string_output_adapter@_W@__crt_stdio_output@@V?$standard_base@_WV?$string_output_adapter@_W@__crt_stdio_output@@@2@@__crt_stdio_output@@AEAA_NXZ 000000018000a854 f i libucrt:output.obj
 0001:000098d0       ?type_case_a@?$output_processor@_WV?$string_output_adapter@_W@__crt_stdio_output@@V?$standard_base@_WV?$string_output_adapter@_W@__crt_stdio_output@@@2@@__crt_stdio_output@@AEAA_NXZ 000000018000a8d0 f i libucrt:output.obj
 0001:000098d0       ?type_case_a@?$output_processor@_WV?$stream_output_adapter@_W@__crt_stdio_output@@V?$standard_base@_WV?$stream_output_adapter@_W@__crt_stdio_output@@@2@@__crt_stdio_output@@AEAA_NXZ 000000018000a8d0 f i libucrt:output.obj
 0001:00009ab0       ?type_case_c_tchar@?$output_processor@_WV?$stream_output_adapter@_W@__crt_stdio_output@@V?$standard_base@_WV?$stream_output_adapter@_W@__crt_stdio_output@@@2@@__crt_stdio_output@@AEAA_N_W@Z 000000018000aab0 f i libucrt:output.obj
 0001:00009ab0       ?type_case_c_tchar@?$output_processor@_WV?$string_output_adapter@_W@__crt_stdio_output@@V?$standard_base@_WV?$string_output_adapter@_W@__crt_stdio_output@@@2@@__crt_stdio_output@@AEAA_N_W@Z 000000018000aab0 f i libucrt:output.obj
 0001:00009b58       ?type_case_integer@?$output_processor@_WV?$stream_output_adapter@_W@__crt_stdio_output@@V?$standard_base@_WV?$stream_output_adapter@_W@__crt_stdio_output@@@2@@__crt_stdio_output@@AEAA_NI_N@Z 000000018000ab58 f i libucrt:output.obj
 0001:00009b58       ?type_case_integer@?$output_processor@_WV?$string_output_adapter@_W@__crt_stdio_output@@V?$standard_base@_WV?$string_output_adapter@_W@__crt_stdio_output@@@2@@__crt_stdio_output@@AEAA_NI_N@Z 000000018000ab58 f i libucrt:output.obj
 0001:00009d24       ?type_case_n@?$output_processor@_WV?$string_output_adapter@_W@__crt_stdio_output@@V?$standard_base@_WV?$string_output_adapter@_W@__crt_stdio_output@@@2@@__crt_stdio_output@@AEAA_NXZ 000000018000ad24 f i libucrt:output.obj
 0001:00009d24       ?type_case_n@?$output_processor@_WV?$stream_output_adapter@_W@__crt_stdio_output@@V?$standard_base@_WV?$stream_output_adapter@_W@__crt_stdio_output@@@2@@__crt_stdio_output@@AEAA_NXZ 000000018000ad24 f i libucrt:output.obj
 0001:00009e00       ?type_case_s@?$output_processor@_WV?$stream_output_adapter@_W@__crt_stdio_output@@V?$standard_base@_WV?$stream_output_adapter@_W@__crt_stdio_output@@@2@@__crt_stdio_output@@AEAA_NXZ 000000018000ae00 f i libucrt:output.obj
 0001:00009e00       ?type_case_s@?$output_processor@_WV?$string_output_adapter@_W@__crt_stdio_output@@V?$standard_base@_WV?$string_output_adapter@_W@__crt_stdio_output@@@2@@__crt_stdio_output@@AEAA_NXZ 000000018000ae00 f i libucrt:output.obj
 0001:00009ec8       ?write_stored_string_tchar@?$output_processor@_WV?$stream_output_adapter@_W@__crt_stdio_output@@V?$standard_base@_WV?$stream_output_adapter@_W@__crt_stdio_output@@@2@@__crt_stdio_output@@AEAA_N_W@Z 000000018000aec8 f i libucrt:output.obj
 0001:00009fd0       ?write_stored_string_tchar@?$output_processor@_WV?$string_output_adapter@_W@__crt_stdio_output@@V?$standard_base@_WV?$string_output_adapter@_W@__crt_stdio_output@@@2@@__crt_stdio_output@@AEAA_N_W@Z 000000018000afd0 f i libucrt:output.obj
 0001:0000a0bc       ?write_string@?$string_output_adapter@_W@__crt_stdio_output@@QEBAXQEB_WHQEAHAEAV__crt_deferred_errno_cache@@@Z 000000018000b0bc f i libucrt:output.obj
 0001:0000a164       ?write_string_impl@?$output_adapter_common@_WV?$stream_output_adapter@_W@__crt_stdio_output@@@__crt_stdio_output@@IEBAXQEB_WHQEAHAEAV__crt_deferred_errno_cache@@@Z 000000018000b164 f i libucrt:output.obj
 0001:0000a268       __stdio_common_vfwprintf   000000018000b268 f   libucrt:output.obj
 0001:0000a2f4       __stdio_common_vswprintf   000000018000b2f4 f   libucrt:output.obj
 0001:0000a2fc       ??$parse_integer@KV?$c_string_character_source@_W@__crt_strtox@@@__crt_strtox@@YAKQEAU__crt_locale_pointers@@V?$c_string_character_source@_W@0@H_N@Z 000000018000b2fc f i libucrt:atox.obj
 0001:0000a9c0       strncmp                    000000018000b9c0 f   libucrt:strncmp.obj
 0001:0000aa40       abort                      000000018000ba40 f   libucrt:abort.obj
 0001:0000aa98       calloc                     000000018000ba98 f   libucrt:calloc.obj
 0001:0000aaa0       wcsncmp                    000000018000baa0 f   libucrt:wcsncmp.obj
 0001:0000aacc       __acrt_call_reportfault    000000018000bacc f   libucrt:invalid_parameter.obj
 0001:0000ac28       __acrt_initialize_invalid_parameter_handler 000000018000bc28 f   libucrt:invalid_parameter.obj
 0001:0000ac30       _invalid_parameter         000000018000bc30 f   libucrt:invalid_parameter.obj
 0001:0000ace0       _invalid_parameter_noinfo  000000018000bce0 f   libucrt:invalid_parameter.obj
 0001:0000ad00       _invoke_watson             000000018000bd00 f   libucrt:invalid_parameter.obj
 0001:0000ad48       _query_app_type            000000018000bd48 f   libucrt:report_runtime_error.obj
 0001:0000ad50       __acrt_errno_from_os_error 000000018000bd50 f   libucrt:errno.obj
 0001:0000ad98       __acrt_errno_map_os_error  000000018000bd98 f   libucrt:errno.obj
 0001:0000ade8       __doserrno                 000000018000bde8 f   libucrt:errno.obj
 0001:0000ae08       _errno                     000000018000be08 f   libucrt:errno.obj
 0001:0000af68       _itow_s                    000000018000bf68 f   libucrt:xtoa.obj
 0001:0000af88       _set_error_mode            000000018000bf88 f   libucrt:set_error_mode.obj
 0001:0000afc8       wcscat_s                   000000018000bfc8 f   libucrt:wcscat_s.obj
 0001:0000b048       wcscpy_s                   000000018000c048 f   libucrt:wcscpy_s.obj
 0001:0000b0b0       wcsncat_s                  000000018000c0b0 f   libucrt:wcsncat_s.obj
 0001:0000b1b0       ??$__acrt_wcs_to_mbs_cp@U__crt_win32_buffer_no_resizing@@@@YAHQEB_WAEAV?$__crt_win32_buffer@DU__crt_win32_buffer_no_resizing@@@@I@Z 000000018000c1b0 f i libucrt:getmodulefilenamea.obj
 0001:0000b2c4       __acrt_GetModuleFileNameA  000000018000c2c4 f   libucrt:getmodulefilenamea.obj
 0001:0000b3e4       __acrt_show_wide_message_box 000000018000c3e4 f   libucrt:crtmbox.obj
 0001:0000b488       __acrt_initialize_stdio    000000018000c488 f   libucrt:_file.obj
 0001:0000b5a8       __acrt_iob_func            000000018000c5a8 f   libucrt:_file.obj
 0001:0000b5bc       __acrt_uninitialize_stdio  000000018000c5bc f   libucrt:_file.obj
 0001:0000b618       _lock_file                 000000018000c618 f   libucrt:_file.obj
 0001:0000b624       _unlock_file               000000018000c624 f   libucrt:_file.obj
 0001:0000b84c       __acrt_stdio_flush_nolock  000000018000c84c f   libucrt:fflush.obj
 0001:0000b8c8       _fflush_nolock             000000018000c8c8 f   libucrt:fflush.obj
 0001:0000b914       _flushall                  000000018000c914 f   libucrt:fflush.obj
 0001:0000b91c       fflush                     000000018000c91c f   libucrt:fflush.obj
 0001:0000baa4       setvbuf                    000000018000caa4 f   libucrt:setvbuf.obj
 0001:0000bb88       __acrt_get_sigabrt_handler 000000018000cb88 f   libucrt:signal.obj
 0001:0000bbb8       __acrt_initialize_signal_handlers 000000018000cbb8 f   libucrt:signal.obj
 0001:0000bbd8       raise                      000000018000cbd8 f   libucrt:signal.obj
 0001:0000bea4       _tolower_l                 000000018000cea4 f   libucrt:tolower_toupper.obj
 0001:0000bfe4       tolower                    000000018000cfe4 f   libucrt:tolower_toupper.obj
 0001:0000c388       __acrt_freeptd             000000018000d388 f   libucrt:per_thread_data.obj
 0001:0000c3cc       __acrt_getptd              000000018000d3cc f   libucrt:per_thread_data.obj
 0001:0000c4a0       __acrt_getptd_head         000000018000d4a0 f   libucrt:per_thread_data.obj
 0001:0000c548       __acrt_getptd_noexit       000000018000d548 f   libucrt:per_thread_data.obj
 0001:0000c614       __acrt_initialize_ptd      000000018000d614 f   libucrt:per_thread_data.obj
 0001:0000c650       __acrt_uninitialize_ptd    000000018000d650 f   libucrt:per_thread_data.obj
 0001:0000c674       __acrt_update_locale_info  000000018000d674 f   libucrt:locale_update.obj
 0001:0000c6a8       __acrt_update_multibyte_info 000000018000d6a8 f   libucrt:locale_update.obj
 0001:0000c74c       __acrt_set_locale_changed  000000018000d74c f   libucrt:wsetlocale.obj
 0001:0000c758       __acrt_uninitialize_locale 000000018000d758 f   libucrt:wsetlocale.obj
 0001:0000c788       __acrt_initialize_locks    000000018000d788 f   libucrt:locks.obj
 0001:0000c7d0       __acrt_lock                000000018000d7d0 f   libucrt:locks.obj
 0001:0000c7ec       __acrt_uninitialize_locks  000000018000d7ec f   libucrt:locks.obj
 0001:0000c824       __acrt_unlock              000000018000d824 f   libucrt:locks.obj
 0001:0000c840       _malloc_base               000000018000d840 f   libucrt:malloc_base.obj
 0001:0000c8a0       _free_base                 000000018000d8a0 f   libucrt:free_base.obj
 0001:0000c8e0       __acrt_get_developer_information_policy 000000018000d8e0 f   libucrt:win_policies.obj
 0001:0000c934       __acrt_get_process_end_policy 000000018000d934 f   libucrt:win_policies.obj
 0001:0000c970       __acrt_get_windowing_model_policy 000000018000d970 f   libucrt:win_policies.obj
 0001:0000c9dc       _calloc_base               000000018000d9dc f   libucrt:calloc_base.obj
 0001:0000ca68       ??$__acrt_mbs_to_wcs_cp@U__crt_win32_buffer_internal_dynamic_resizing@@@@YAHQEBDAEAV?$__crt_win32_buffer@_WU__crt_win32_buffer_internal_dynamic_resizing@@@@I@Z 000000018000da68 f i libucrt:argv_wildcards.obj
 0001:0000cbe0       ??$__acrt_wcs_to_mbs_cp@U__crt_win32_buffer_internal_dynamic_resizing@@@@YAHQEB_WAEAV?$__crt_win32_buffer@DU__crt_win32_buffer_internal_dynamic_resizing@@@@I@Z 000000018000dbe0 f i libucrt:argv_wildcards.obj
 0001:0000d410       __acrt_expand_narrow_argv_wildcards 000000018000e410 f   libucrt:argv_wildcards.obj
 0001:0000db44       __acrt_initialize_multibyte 000000018000eb44 f   libucrt:mbctype.obj
 0001:0000dba4       __acrt_update_thread_multibyte_data 000000018000eba4 f   libucrt:mbctype.obj
 0001:0000dbc0       _setmbcp_nolock            000000018000ebc0 f   libucrt:mbctype.obj
 0001:0000def4       _ismbblead                 000000018000eef4 f   libucrt:ismbbyte.obj
 0001:0000df08       __acrt_initialize_command_line 000000018000ef08 f   libucrt:argv_data.obj
 0001:0000df30       __acrt_MultiByteToWideChar 000000018000ef30 f   libucrt:multibytetowidechar.obj
 0001:0000df8c       __acrt_WideCharToMultiByte 000000018000ef8c f   libucrt:widechartomultibyte.obj
 0001:0000e024       __dcrt_get_narrow_environment_from_os 000000018000f024 f   libucrt:get_environment_from_os.obj
 0001:0000e128       _recalloc_base             000000018000f128 f   libucrt:recalloc.obj
 0001:0000e398       __acrt_AppPolicyGetProcessTerminationMethodInternal 000000018000f398 f   libucrt:winapi_thunks.obj
 0001:0000e3e8       __acrt_AppPolicyGetShowDeveloperDiagnosticInternal 000000018000f3e8 f   libucrt:winapi_thunks.obj
 0001:0000e438       __acrt_AppPolicyGetWindowingModelInternal 000000018000f438 f   libucrt:winapi_thunks.obj
 0001:0000e488       __acrt_AreFileApisANSI     000000018000f488 f   libucrt:winapi_thunks.obj
 0001:0000e4c4       __acrt_FlsAlloc            000000018000f4c4 f   libucrt:winapi_thunks.obj
 0001:0000e50c       __acrt_FlsFree             000000018000f50c f   libucrt:winapi_thunks.obj
 0001:0000e554       __acrt_FlsGetValue         000000018000f554 f   libucrt:winapi_thunks.obj
 0001:0000e59c       __acrt_FlsSetValue         000000018000f59c f   libucrt:winapi_thunks.obj
 0001:0000e5f0       __acrt_InitializeCriticalSectionEx 000000018000f5f0 f   libucrt:winapi_thunks.obj
 0001:0000e654       __acrt_LCMapStringEx       000000018000f654 f   libucrt:winapi_thunks.obj
 0001:0000e730       __acrt_LocaleNameToLCID    000000018000f730 f   libucrt:winapi_thunks.obj
 0001:0000e780       __acrt_MessageBoxW         000000018000f780 f   libucrt:winapi_thunks.obj
 0001:0000e7f4       __acrt_can_show_message_box 000000018000f7f4 f   libucrt:winapi_thunks.obj
 0001:0000e864       __acrt_get_parent_window   000000018000f864 f   libucrt:winapi_thunks.obj
 0001:0000e8dc       __acrt_initialize_winapi_thunks 000000018000f8dc f   libucrt:winapi_thunks.obj
 0001:0000e910       __acrt_is_interactive      000000018000f910 f   libucrt:winapi_thunks.obj
 0001:0000e9d8       __acrt_uninitialize_winapi_thunks 000000018000f9d8 f   libucrt:winapi_thunks.obj
 0001:0000ea1c       __acrt_initialize_heap     000000018000fa1c f   libucrt:heap_handle.obj
 0001:0000ea38       __acrt_uninitialize_heap   000000018000fa38 f   libucrt:heap_handle.obj
 0001:0000ec40       __acrt_initialize_lowio    000000018000fc40 f   libucrt:ioinit.obj
 0001:0000ec7c       __acrt_uninitialize_lowio  000000018000fc7c f   libucrt:ioinit.obj
 0001:0000ecbc       __acrt_execute_initializers 000000018000fcbc f   libucrt:shared_initialization.obj
 0001:0000ed3c       __acrt_execute_uninitializers 000000018000fd3c f   libucrt:shared_initialization.obj
 0001:0000ed78       __acrt_has_user_matherr    000000018000fd78 f   libucrt:matherr.obj
 0001:0000ed98       __acrt_initialize_user_matherr 000000018000fd98 f   libucrt:matherr.obj
 0001:0000eda0       __acrt_invoke_user_matherr 000000018000fda0 f   libucrt:matherr.obj
 0001:0000edd0       __acrt_stdio_begin_temporary_buffering_nolock 000000018000fdd0 f   libucrt:_sftbuf.obj
 0001:0000eea0       __acrt_stdio_end_temporary_buffering_nolock 000000018000fea0 f   libucrt:_sftbuf.obj
 0001:0000eedc       isdigit                    000000018000fedc f i libucrt:_ctype.obj
 0001:0000ef70       wcstol                     000000018000ff70 f   libucrt:strtox.obj
 0001:0000ef9c       _mbtowc_l                  000000018000ff9c f   libucrt:mbtowc.obj
 0001:0000f118       mbtowc                     0000000180010118 f   libucrt:mbtowc.obj
 0001:0000f120       _wctomb_s_l                0000000180010120 f   libucrt:wctomb.obj
 0001:0000f2c0       wctomb_s                   00000001800102c0 f   libucrt:wctomb.obj
 0001:0000f2d4       wcsnlen                    00000001800102d4 f   libucrt:strnlen.obj
 0001:0000fe80       __acrt_fp_format           0000000180010e80 f   libucrt:cvt.obj
 0001:00010108       _fputwc_nolock             0000000180011108 f   libucrt:fputwc.obj
 0001:00010284       _fileno                    0000000180011284 f   libucrt:fileno.obj
 0001:000102ac       _fputc_nolock              00000001800112ac f   libucrt:fputc.obj
 0001:000102c4       _get_printf_count_output   00000001800112c4 f   libucrt:printf_count_output.obj
 0001:000102dc       __pctype_func              00000001800112dc f   libucrt:ctype.obj
 0001:0001030c       iswctype                   000000018001130c f   libucrt:iswctype.obj
 0001:0001037c       _isctype_l                 000000018001137c f   libucrt:isctype.obj
 0001:0001048c       _fcloseall                 000000018001148c f   libucrt:closeall.obj
 0001:00010540       __acrt_stdio_free_buffer_nolock 0000000180011540 f   libucrt:_freebuf.obj
 0001:0001060c       _commit                    000000018001160c f   libucrt:commit.obj
 0001:00010f0c       _write                     0000000180011f0c f   libucrt:write.obj
 0001:00010ff8       _write_nolock              0000000180011ff8 f   libucrt:write.obj
 0001:000112d4       _isleadbyte_l              00000001800122d4 f i libucrt:_wctype.obj
 0001:00011638       __acrt_LCMapStringA        0000000180012638 f   libucrt:lcmapstringa.obj
 0001:000116d0       __acrt_add_locale_ref      00000001800126d0 f   libucrt:locale_refcounting.obj
 0001:0001175c       __acrt_free_locale         000000018001275c f   libucrt:locale_refcounting.obj
 0001:000118d4       __acrt_locale_add_lc_time_reference 00000001800128d4 f   libucrt:locale_refcounting.obj
 0001:000118fc       __acrt_locale_free_lc_time_if_unreferenced 00000001800128fc f   libucrt:locale_refcounting.obj
 0001:00011934       __acrt_locale_release_lc_time_reference 0000000180012934 f   libucrt:locale_refcounting.obj
 0001:0001195c       __acrt_release_locale_ref  000000018001295c f   libucrt:locale_refcounting.obj
 0001:00011a04       __acrt_update_thread_locale_data 0000000180012a04 f   libucrt:locale_refcounting.obj
 0001:00011a74       _updatetlocinfoEx_nolock   0000000180012a74 f   libucrt:locale_refcounting.obj
 0001:00011adc       __acrt_locale_free_monetary 0000000180012adc f   libucrt:initmon.obj
 0001:00011be8       __acrt_locale_free_numeric 0000000180012be8 f   libucrt:initnum.obj
 0001:00011cac       __acrt_locale_free_time    0000000180012cac f   libucrt:inittime.obj
 0001:00011db4       __acrt_GetStringTypeA      0000000180012db4 f   libucrt:getstringtypea.obj
 0001:00011f44       _query_new_mode            0000000180012f44 f   libucrt:new_mode.obj
 0001:00011f50       qsort                      0000000180012f50 f   libucrt:qsort.obj
 0001:00012310       strncpy_s                  0000000180013310 f   libucrt:strncpy_s.obj
 0001:00012490       strpbrk                    0000000180013490 f   libucrt:strpbrk.obj
 0001:00012870       _mbsdec                    0000000180013870 f   libucrt:mbsdec.obj
 0001:00012878       _mbsdec_l                  0000000180013878 f   libucrt:mbsdec.obj
 0001:00012924       _msize_base                0000000180013924 f   libucrt:msize.obj
 0001:00012960       _realloc_base              0000000180013960 f   libucrt:realloc_base.obj
 0001:00012ac4       __acrt_DownlevelLocaleNameToLCID 0000000180013ac4 f   libucrt:lcidtoname_downlevel.obj
 0001:00012af8       __acrt_lowio_create_handle_array 0000000180013af8 f   libucrt:osfinfo.obj
 0001:00012ba0       __acrt_lowio_destroy_handle_array 0000000180013ba0 f   libucrt:osfinfo.obj
 0001:00012bf0       __acrt_lowio_ensure_fh_exists 0000000180013bf0 f   libucrt:osfinfo.obj
 0001:00012c98       __acrt_lowio_lock_fh       0000000180013c98 f   libucrt:osfinfo.obj
 0001:00012cc0       __acrt_lowio_unlock_fh     0000000180013cc0 f   libucrt:osfinfo.obj
 0001:00012ce8       _free_osfhnd               0000000180013ce8 f   libucrt:osfinfo.obj
 0001:00012da4       _get_osfhandle             0000000180013da4 f   libucrt:osfinfo.obj
 0001:00012e1c       _isatty                    0000000180013e1c f   libucrt:isatty.obj
 0001:00012e7c       ?__mbrtowc_utf8@__crt_mbstring@@YA_KPEA_WPEBD_KPEAU_Mbstatet@@@Z 0000000180013e7c f   libucrt:mbrtowc.obj
 0001:00012eb8       ?__mbsrtowcs_utf8@__crt_mbstring@@YA_KPEA_WPEAPEBD_KPEAU_Mbstatet@@@Z 0000000180013eb8 f   libucrt:mbrtowc.obj
 0001:00013030       ?__c32rtomb_utf8@__crt_mbstring@@YA_KPEAD_UPEAU_Mbstatet@@@Z 0000000180014030 f   libucrt:c32rtomb.obj
 0001:000130e8       __acrt_fp_strflt_to_string 00000001800140e8 f   libucrt:_fptostr.obj
 0001:000131d0       ?divide@__crt_strtox@@YA_KAEAUbig_integer@1@AEBU21@@Z 00000001800141d0 f i libucrt:cfout.obj
 0001:000135fc       __acrt_fltout              00000001800145fc f   libucrt:cfout.obj
 0001:00014afc       __acrt_stdio_flush_and_write_narrow_nolock 0000000180015afc f   libucrt:_flsbuf.obj
 0001:00014be8       __acrt_stdio_flush_and_write_wide_nolock 0000000180015be8 f   libucrt:_flsbuf.obj
 0001:00014cd4       __acrt_GetStringTypeW      0000000180015cd4 f   libucrt:getstringtypew.obj
 0001:00014cdc       _fclose_nolock             0000000180015cdc f   libucrt:fclose.obj
 0001:00014d60       fclose                     0000000180015d60 f   libucrt:fclose.obj
 0001:00014f50       _lseeki64                  0000000180015f50 f   libucrt:lseek.obj
 0001:00014f58       _lseeki64_nolock           0000000180015f58 f   libucrt:lseek.obj
 0001:00014f60       _putwch_nolock             0000000180015f60 f   libucrt:putwch.obj
 0001:00014f9c       __strncnt                  0000000180015f9c f   libucrt:strncnt.obj
 0001:00014fb4       ?__mbrtoc32_utf8@__crt_mbstring@@YA_KPEA_UPEBD_KPEAU_Mbstatet@@@Z 0000000180015fb4 f   libucrt:mbrtoc32.obj
 0001:00015190       fegetenv                   0000000180016190 f   libucrt:fegetenv.obj
 0001:000151b0       fesetenv                   00000001800161b0 f   libucrt:fesetenv.obj
 0001:00015200       feholdexcept               0000000180016200 f   libucrt:feholdexcept.obj
 0001:00015250       ceil                       0000000180016250 f   libucrt:ceil.obj
 0001:00015320       log10                      0000000180016320 f   libucrt:log10.obj
 0001:000158cc       __acrt_stdio_allocate_buffer_nolock 00000001800168cc f   libucrt:_getbuf.obj
 0001:000159a8       _close                     00000001800169a8 f   libucrt:close.obj
 0001:00015a4c       _close_nolock              0000000180016a4c f   libucrt:close.obj
 0001:00015b0c       ?__acrt_stdio_free_stream@@YAXV__crt_stdio_stream@@@Z 0000000180016b0c f   libucrt:stream.obj
 0001:00015b28       __dcrt_lowio_ensure_console_output_initialized 0000000180016b28 f   libucrt:initcon.obj
 0001:00015b7c       __dcrt_terminate_console_output 0000000180016b7c f   libucrt:initcon.obj
 0001:00015b98       __dcrt_write_console       0000000180016b98 f   libucrt:initcon.obj
 0001:00015c58       __acrt_fenv_get_control    0000000180016c58 f   libucrt:_fenvutils.obj
 0001:00015d4c       __acrt_fenv_get_status     0000000180016d4c f   libucrt:_fenvutils.obj
 0001:00015da0       __acrt_fenv_set_control    0000000180016da0 f   libucrt:_fenvutils.obj
 0001:00015ee8       __acrt_fenv_set_status     0000000180016ee8 f   libucrt:_fenvutils.obj
 0001:00015f6c       _clearfp                   0000000180016f6c f   libucrt:ieee.obj
 0001:00016100       _handle_error              0000000180017100 f   libucrt:libm_error.obj
 0001:00016228       _handle_nan                0000000180017228 f   libucrt:libm_error.obj
 0001:00016250       __acrt_initialize_fma3     0000000180017250 f   libucrt:fma3_available.obj
 0001:000162c0       _log10_special             00000001800172c0 f   libucrt:log_special.obj
 0001:00016390       _get_fpsr                  0000000180017390 f   libucrt:fpsr.obj
 0001:000163a0       _set_fpsr                  00000001800173a0 f   libucrt:fpsr.obj
 0001:000163aa       _fclrf                     00000001800173aa f   libucrt:fpsr.obj
 0001:000163be       _frnd                      00000001800173be f   libucrt:fpsr.obj
 0001:000163e0       _raise_exc                 00000001800173e0 f   libucrt:fpexcept.obj
 0001:00016408       _raise_exc_ex              0000000180017408 f   libucrt:fpexcept.obj
 0001:00016718       _set_errno_from_matherr    0000000180017718 f   libucrt:fpexcept.obj
 0001:00016748       _clrfp                     0000000180017748 f   libucrt:fpctrl.obj
 0001:00016768       _ctrlfp                    0000000180017768 f   libucrt:fpctrl.obj
 0001:000167e4       _set_statfp                00000001800177e4 f   libucrt:fpctrl.obj
 0001:00016804       _statfp                    0000000180017804 f   libucrt:fpctrl.obj
 0001:00016815       IsProcessorFeaturePresent  0000000180017815 f   kernel32:KERNEL32.dll
 0001:0001681c       ?DloadAcquireSectionWriteAccess@@YAXXZ 000000018001781c f i DelayImp:delayhlp.obj
 0001:000168c8       ?DloadGetSRWLockFunctionPointers@@YAEXZ 00000001800178c8 f i DelayImp:delayhlp.obj
 0001:00016964       ?DloadMakePermanentImageCommit@@YAXPEAX_K@Z 0000000180017964 f i DelayImp:delayhlp.obj
 0001:000169fc       ?DloadObtainSection@@YAPEAXPEAK0@Z 00000001800179fc f i DelayImp:delayhlp.obj
 0001:00016a98       ?DloadProtectSection@@YAXKPEAK@Z 0000000180017a98 f i DelayImp:delayhlp.obj
 0001:00016b28       ?DloadReleaseSectionWriteAccess@@YAXXZ 0000000180017b28 f i DelayImp:delayhlp.obj
 0001:00016bbc       __delayLoadHelper2         0000000180017bbc f   DelayImp:delayhlp.obj
 0001:00016e80       _FindPESection             0000000180017e80 f   LIBCMT:pesect.obj
 0001:00016ed0       _IsNonwritableInCurrentImage 0000000180017ed0 f   LIBCMT:pesect.obj
 0001:00016f20       _ValidateImageBase         0000000180017f20 f   LIBCMT:pesect.obj
 0001:00016f50       __GSHandlerCheck           0000000180017f50 f   LIBCMT:gshandler.obj
 0001:00016f70       __GSHandlerCheckCommon     0000000180017f70 f   LIBCMT:gshandler.obj
 0001:00016fe0       _alloca_probe              0000000180017fe0 f   LIBCMT:chkstk.obj
 0001:00016fe0       __chkstk                   0000000180017fe0 f   LIBCMT:chkstk.obj
 0001:00017050       memcmp                     0000000180018050 f   libvcruntime:memcmp.obj
 0001:00017118       strrchr                    0000000180018118 f   libvcruntime:strrchr.obj
 0001:00017280       _guard_dispatch_icall_nop  0000000180018280 f   LIBCMT:guard_dispatch.obj
 0002:00000000       __imp_GetModuleHandleA     0000000180019000     kernel32:KERNEL32.dll
 0002:00000008       __imp_LoadLibraryExA       0000000180019008     kernel32:KERNEL32.dll
 0002:00000010       __imp_RtlCaptureContext    0000000180019010     kernel32:KERNEL32.dll
 0002:00000018       __imp_RtlLookupFunctionEntry 0000000180019018     kernel32:KERNEL32.dll
 0002:00000020       __imp_RtlVirtualUnwind     0000000180019020     kernel32:KERNEL32.dll
 0002:00000028       __imp_UnhandledExceptionFilter 0000000180019028     kernel32:KERNEL32.dll
 0002:00000030       __imp_SetUnhandledExceptionFilter 0000000180019030     kernel32:KERNEL32.dll
 0002:00000038       __imp_GetCurrentProcess    0000000180019038     kernel32:KERNEL32.dll
 0002:00000040       __imp_TerminateProcess     0000000180019040     kernel32:KERNEL32.dll
 0002:00000048       __imp_IsProcessorFeaturePresent 0000000180019048     kernel32:KERNEL32.dll
 0002:00000050       __imp_QueryPerformanceCounter 0000000180019050     kernel32:KERNEL32.dll
 0002:00000058       __imp_GetCurrentProcessId  0000000180019058     kernel32:KERNEL32.dll
 0002:00000060       __imp_GetCurrentThreadId   0000000180019060     kernel32:KERNEL32.dll
 0002:00000068       __imp_GetSystemTimeAsFileTime 0000000180019068     kernel32:KERNEL32.dll
 0002:00000070       __imp_InitializeSListHead  0000000180019070     kernel32:KERNEL32.dll
 0002:00000078       __imp_IsDebuggerPresent    0000000180019078     kernel32:KERNEL32.dll
 0002:00000080       __imp_GetStartupInfoW      0000000180019080     kernel32:KERNEL32.dll
 0002:00000088       __imp_GetModuleHandleW     0000000180019088     kernel32:KERNEL32.dll
 0002:00000090       __imp_RtlUnwindEx          0000000180019090     kernel32:KERNEL32.dll
 0002:00000098       __imp_RtlPcToFileHeader    0000000180019098     kernel32:KERNEL32.dll
 0002:000000a0       __imp_RaiseException       00000001800190a0     kernel32:KERNEL32.dll
 0002:000000a8       __imp_InterlockedFlushSList 00000001800190a8     kernel32:KERNEL32.dll
 0002:000000b0       __imp_GetLastError         00000001800190b0     kernel32:KERNEL32.dll
 0002:000000b8       __imp_SetLastError         00000001800190b8     kernel32:KERNEL32.dll
 0002:000000c0       __imp_EnterCriticalSection 00000001800190c0     kernel32:KERNEL32.dll
 0002:000000c8       __imp_LeaveCriticalSection 00000001800190c8     kernel32:KERNEL32.dll
 0002:000000d0       __imp_DeleteCriticalSection 00000001800190d0     kernel32:KERNEL32.dll
 0002:000000d8       __imp_InitializeCriticalSectionAndSpinCount 00000001800190d8     kernel32:KERNEL32.dll
 0002:000000e0       __imp_TlsAlloc             00000001800190e0     kernel32:KERNEL32.dll
 0002:000000e8       __imp_TlsGetValue          00000001800190e8     kernel32:KERNEL32.dll
 0002:000000f0       __imp_TlsSetValue          00000001800190f0     kernel32:KERNEL32.dll
 0002:000000f8       __imp_TlsFree              00000001800190f8     kernel32:KERNEL32.dll
 0002:00000100       __imp_FreeLibrary          0000000180019100     kernel32:KERNEL32.dll
 0002:00000108       __imp_GetProcAddress       0000000180019108     kernel32:KERNEL32.dll
 0002:00000110       __imp_LoadLibraryExW       0000000180019110     kernel32:KERNEL32.dll
 0002:00000118       __imp_GetStdHandle         0000000180019118     kernel32:KERNEL32.dll
 0002:00000120       __imp_GetFileType          0000000180019120     kernel32:KERNEL32.dll
 0002:00000128       __imp_GetModuleFileNameW   0000000180019128     kernel32:KERNEL32.dll
 0002:00000130       __imp_GetModuleHandleExW   0000000180019130     kernel32:KERNEL32.dll
 0002:00000138       __imp_WriteConsoleW        0000000180019138     kernel32:KERNEL32.dll
 0002:00000140       __imp_ExitProcess          0000000180019140     kernel32:KERNEL32.dll
 0002:00000148       __imp_WriteFile            0000000180019148     kernel32:KERNEL32.dll
 0002:00000150       __imp_OutputDebugStringW   0000000180019150     kernel32:KERNEL32.dll
 0002:00000158       __imp_HeapAlloc            0000000180019158     kernel32:KERNEL32.dll
 0002:00000160       __imp_HeapFree             0000000180019160     kernel32:KERNEL32.dll
 0002:00000168       __imp_FindClose            0000000180019168     kernel32:KERNEL32.dll
 0002:00000170       __imp_FindFirstFileExW     0000000180019170     kernel32:KERNEL32.dll
 0002:00000178       __imp_FindNextFileW        0000000180019178     kernel32:KERNEL32.dll
 0002:00000180       __imp_IsValidCodePage      0000000180019180     kernel32:KERNEL32.dll
 0002:00000188       __imp_GetACP               0000000180019188     kernel32:KERNEL32.dll
 0002:00000190       __imp_GetOEMCP             0000000180019190     kernel32:KERNEL32.dll
 0002:00000198       __imp_GetCPInfo            0000000180019198     kernel32:KERNEL32.dll
 0002:000001a0       __imp_GetCommandLineA      00000001800191a0     kernel32:KERNEL32.dll
 0002:000001a8       __imp_GetCommandLineW      00000001800191a8     kernel32:KERNEL32.dll
 0002:000001b0       __imp_MultiByteToWideChar  00000001800191b0     kernel32:KERNEL32.dll
 0002:000001b8       __imp_WideCharToMultiByte  00000001800191b8     kernel32:KERNEL32.dll
 0002:000001c0       __imp_GetEnvironmentStringsW 00000001800191c0     kernel32:KERNEL32.dll
 0002:000001c8       __imp_FreeEnvironmentStringsW 00000001800191c8     kernel32:KERNEL32.dll
 0002:000001d0       __imp_LCMapStringW         00000001800191d0     kernel32:KERNEL32.dll
 0002:000001d8       __imp_GetProcessHeap       00000001800191d8     kernel32:KERNEL32.dll
 0002:000001e0       __imp_FlushFileBuffers     00000001800191e0     kernel32:KERNEL32.dll
 0002:000001e8       __imp_GetConsoleCP         00000001800191e8     kernel32:KERNEL32.dll
 0002:000001f0       __imp_GetConsoleMode       00000001800191f0     kernel32:KERNEL32.dll
 0002:000001f8       __imp_GetStringTypeW       00000001800191f8     kernel32:KERNEL32.dll
 0002:00000200       __imp_HeapSize             0000000180019200     kernel32:KERNEL32.dll
 0002:00000208       __imp_HeapReAlloc          0000000180019208     kernel32:KERNEL32.dll
 0002:00000210       __imp_SetStdHandle         0000000180019210     kernel32:KERNEL32.dll
 0002:00000218       __imp_GetFileSizeEx        0000000180019218     kernel32:KERNEL32.dll
 0002:00000220       __imp_SetFilePointerEx     0000000180019220     kernel32:KERNEL32.dll
 0002:00000228       __imp_CloseHandle          0000000180019228     kernel32:KERNEL32.dll
 0002:00000230       __imp_CreateFileW          0000000180019230     kernel32:KERNEL32.dll
 0002:00000238       __imp_GetSystemInfo        0000000180019238     kernel32:KERNEL32.dll
 0002:00000240       __imp_VirtualProtect       0000000180019240     kernel32:KERNEL32.dll
 0002:00000248       __imp_VirtualQuery         0000000180019248     kernel32:KERNEL32.dll
 0002:00000250       \177KERNEL32_NULL_THUNK_DATA 0000000180019250     kernel32:KERNEL32.dll
 0002:00000258       __guard_check_icall_fptr   0000000180019258     LIBCMT:guard_support.obj
 0002:00000260       __guard_dispatch_icall_fptr 0000000180019260     LIBCMT:guard_support.obj
 0002:00000268       __xc_a                     0000000180019268     LIBCMT:initializers.obj
 0002:00000270       _register_keccak_          0000000180019270     addon.obj
 0002:00000278       __xc_z                     0000000180019278     LIBCMT:initializers.obj
 0002:00000280       __xi_a                     0000000180019280     LIBCMT:initializers.obj
 0002:00000288       __acrt_stdio_initializer   0000000180019288     libucrt:stdio_initializer.obj
 0002:00000290       __acrt_multibyte_initializer 0000000180019290     libucrt:multibyte_initializer.obj
 0002:00000298       __acrt_tran_fma3_initializer 0000000180019298     libucrt:fma3_initializer.obj
 0002:000002a0       __xi_z                     00000001800192a0     LIBCMT:initializers.obj
 0002:000002a8       __xp_a                     00000001800192a8     LIBCMT:initializers.obj
 0002:000002b0       __acrt_locale_terminator   00000001800192b0     libucrt:locale_initializer.obj
 0002:000002b8       __dcrt_console_output_terminator 00000001800192b8     libucrt:console_output_initializer.obj
 0002:000002c0       __acrt_stdio_terminator    00000001800192c0     libucrt:stdio_initializer.obj
 0002:000002c8       __xp_z                     00000001800192c8     LIBCMT:initializers.obj
 0002:000002d0       __xt_a                     00000001800192d0     LIBCMT:initializers.obj
 0002:000002d8       __xt_z                     00000001800192d8     LIBCMT:initializers.obj
 0002:000002e0       __sz_node_exe              00000001800192e0     node:node.exe
 0002:000002f0       _pRawDllMain               00000001800192f0     LIBCMT:dll_dllmain.obj
 0002:000002f0       _pDefaultRawDllMain        00000001800192f0     LIBCMT:dll_dllmain.obj
 0002:00000310       ??_7exception@std@@6B@     0000000180019310     LIBCMT:throw_bad_alloc.obj
 0002:00000320       ??_C@_0BC@EOODALEL@Unknown?5exception@ 0000000180019320     LIBCMT:throw_bad_alloc.obj
 0002:00000340       ??_7bad_alloc@std@@6B@     0000000180019340     LIBCMT:throw_bad_alloc.obj
 0002:00000350       ??_C@_0P@GHFPNOJB@bad?5allocation@ 0000000180019350     LIBCMT:throw_bad_alloc.obj
 0002:00000368       ??_7bad_array_new_length@std@@6B@ 0000000180019368     LIBCMT:throw_bad_alloc.obj
 0002:00000378       ??_C@_0BF@KINCDENJ@bad?5array?5new?5length@ 0000000180019378     LIBCMT:throw_bad_alloc.obj
 0002:00000398       ??_7type_info@@6B@         0000000180019398     LIBCMT:std_type_info_static.obj
 0002:000003e0       _pDestructExceptionObject  00000001800193e0     libvcruntime:ehhelpers.obj
 0002:00000728       ??_C@_08EHJDFFNH@__based?$CI@ 0000000180019728     libvcruntime:undname.obj
 0002:00000738       ??_C@_07KOLFKCDI@__cdecl@  0000000180019738     libvcruntime:undname.obj
 0002:00000740       ??_C@_08GHMPAG@__pascal@   0000000180019740     libvcruntime:undname.obj
 0002:00000750       ??_C@_09IFJBGAPI@__stdcall@ 0000000180019750     libvcruntime:undname.obj
 0002:00000760       ??_C@_0L@NPHFGOKO@__thiscall@ 0000000180019760     libvcruntime:undname.obj
 0002:00000770       ??_C@_0L@JMKHOMEK@__fastcall@ 0000000180019770     libvcruntime:undname.obj
 0002:00000780       ??_C@_0N@BCKKPABJ@__vectorcall@ 0000000180019780     libvcruntime:undname.obj
 0002:00000790       ??_C@_09HIJEGCPM@__clrcall@ 0000000180019790     libvcruntime:undname.obj
 0002:0000079c       ??_C@_06GHPCKEAG@__eabi@   000000018001979c     libvcruntime:undname.obj
 0002:000007a8       ??_C@_09IOPIDJLG@__swift_1@ 00000001800197a8     libvcruntime:undname.obj
 0002:000007b8       ??_C@_09KFNFGKHF@__swift_2@ 00000001800197b8     libvcruntime:undname.obj
 0002:000007c8       ??_C@_07JOMMBBKO@__ptr64@  00000001800197c8     libvcruntime:undname.obj
 0002:000007d0       ??_C@_0L@PILCLIHE@__restrict@ 00000001800197d0     libvcruntime:undname.obj
 0002:000007e0       ??_C@_0M@GFIIJFMG@__unaligned@ 00000001800197e0     libvcruntime:undname.obj
 0002:000007f0       ??_C@_09DHDLOLLB@restrict?$CI@ 00000001800197f0     libvcruntime:undname.o